---
source: src/tests.rs
expression: output_content
---
<FieldCatalog>
	<BaseTableReference id="134" name="_GUISyntax"></BaseTableReference>
	<ObjectList membercount="1">
		<Field>
			<FieldReference id="13" name="_kIsEnglish" repetition="1">
				<Calculation>
					<TableOccurrenceReference id="1065114" name="_GUISyntax"></TableOccurrenceReference>
					<Text><![CDATA[Falls( Language = "English" ; 1 )]]></Text>
					<ChunkList hash="853F7A8534BCE058081CE36336DD2EE4">
						<Chunk type="FunctionRef">Falls</Chunk>
						<Chunk type="NoRef">( </Chunk>
						<Chunk type="FieldRef">
							<FieldReference id="3" name="Language" repetition="1">
								<TableOccurrenceReference id="1065114" name="_GUISyntax"></TableOccurrenceReference>
							</FieldReference>
						</Chunk>
						<Chunk type="NoRef"> = &quot;English&quot; ; 1 )</Chunk>
					</ChunkList>
				</Calculation>
				<BaseTableReference id="134" name="_GUISyntax"></BaseTableReference>
			</FieldReference>
		</Field>
	</ObjectList>
</FieldCatalog>
