---
source: src/tests.rs
expression: output_content
---
<ValueList>
	<ValueListReference id="3" name="1" UUID="669084CB-1FDD-4DEF-A44B-EC1957866307"></ValueListReference>
	<Source value="Custom"></Source>
	<CustomValues>
		<Text><![CDATA[1]]></Text>
	</CustomValues>
</ValueList>
