---
source: src/tests.rs
expression: output_content
---
<CustomMenu name="[Send]" id="22">
	<UUID modifications="0" userName="Mislav" accountName="Admin" timestamp="2025-04-16T17:58:46">88E87892-B7F1-4BBC-ADD7-CD23C0E042E5</UUID>
	<TagList></TagList>
	<MenuItemList membercount="0"></MenuItemList>
	<Conditions>
		<Install>
			<Calculation>
				<DDRREF kind="ChunkList" hash="A93F17BC54CA1958073B692697D5ED21">_88E87892-B7F1-4BBC-ADD7-CD23C0E042E5_Install</DDRREF>
				<Text><![CDATA[1]]></Text>
			</Calculation>
		</Install>
	</Conditions>
	<Comment></Comment>
	<Base name="Send" value="200"></Base>
	<Options browseMode="True" findMode="True" previewMode="True"></Options>
</CustomMenu>
