---
source: src/tests.rs
expression: output_content
---
<CustomMenu name="[Text Color]" id="20">
	<UUID modifications="0" userName="Mislav" accountName="Admin" timestamp="2025-04-16T17:58:46">96B66BD3-D2EF-42F9-BFEA-67EDA9312C33</UUID>
	<TagList></TagList>
	<MenuItemList membercount="0"></MenuItemList>
	<Conditions>
		<Install>
			<Calculation>
				<DDRREF kind="ChunkList" hash="A93F17BC54CA1958073B692697D5ED21">_96B66BD3-D2EF-42F9-BFEA-67EDA9312C33_Install</DDRREF>
				<Text><![CDATA[1]]></Text>
			</Calculation>
		</Install>
	</Conditions>
	<Comment></Comment>
	<Base name="Text Color" value="181"></Base>
	<Options browseMode="True" findMode="True" previewMode="True"></Options>
</CustomMenu>
