---
source: src/tests.rs
expression: output_content
---
<CustomFunctionCalc>
	<CustomFunctionReference id="9" name="MyCustomFunctionFolder" UUID="654E7389-F11D-499D-A643-72CF5A076E13"></CustomFunctionReference>
</CustomFunctionCalc>
