---
source: src/tests.rs
expression: output_content
---
<Relationship id="24">
	<UUID modifications="1" userName="Mike Duncan" accountName="Admin" timestamp="2021-01-15T14:26:33">B8A9C444-205B-4789-A7E1-72A3B21316E8</UUID>
	<LeftTable cascadeCreate="False" cascadeDelete="False" type="Local">
		<TableOccurrenceReference id="1065115" name="FMS_SCHS__schedules_saved_selected" UUID="388BD792-2D7C-4238-A393-AF3398F3517F"></TableOccurrenceReference>
		<SortSpecification value="False" maintain="True"></SortSpecification>
	</LeftTable>
	<RightTable cascadeCreate="False" cascadeDelete="False" type="Local">
		<TableOccurrenceReference id="1065089" name="FMS__fmserver" UUID="597569C5-24CD-486D-84D6-D79B9D3BDD5B"></TableOccurrenceReference>
		<SortSpecification value="False" maintain="True"></SortSpecification>
	</RightTable>
	<JoinPredicateList membercount="1">
		<JoinPredicate type="Equal">
			<LeftField>
				<FieldReference id="8" name="ID" UUID="B18D2DC9-1886-46E3-89FC-27BDF52FF436">
					<TableOccurrenceReference id="1065115" name="FMS_SCHS__schedules_saved_selected" UUID="388BD792-2D7C-4238-A393-AF3398F3517F"></TableOccurrenceReference>
				</FieldReference>
			</LeftField>
			<RightField>
				<FieldReference id="105" name="schedules_saved_select_g" UUID="C5B3AE5F-EEC5-43A5-BDB7-FF7AE88673C4">
					<TableOccurrenceReference id="1065089" name="FMS__fmserver" UUID="597569C5-24CD-486D-84D6-D79B9D3BDD5B"></TableOccurrenceReference>
				</FieldReference>
			</RightField>
		</JoinPredicate>
	</JoinPredicateList>
	<TagList></TagList>
</Relationship>
