---
source: src/main.rs
expression: output_content
---
<Script>
	<ScriptReference id="178" name="MBS_DeveloperTools Init"></ScriptReference>
	<ObjectList membercount="11">
		<Step id="89" name="# (Kommentar)" enable="True">
			<ParameterValues membercount="1">
				<Parameter type="Comment">
					<Comment></Comment>
				</Parameter>
			</ParameterValues>
		</Step>
		<Step id="89" name="# (Kommentar)" enable="True">
			<Options>4</Options>
			<ParameterValues membercount="1">
				<Parameter type="Comment">
					<Comment value="20170518 MrW New"></Comment>
				</Parameter>
			</ParameterValues>
		</Step>
		<Step id="89" name="# (Kommentar)" enable="True">
			<ParameterValues membercount="1">
				<Parameter type="Comment">
					<Comment></Comment>
				</Parameter>
			</ParameterValues>
		</Step>
		<Step id="86" name="Fehleraufzeichnung setzen" enable="True">
			<Options>196608</Options>
			<ParameterValues membercount="1">
				<Parameter type="Boolean">
					<Boolean id="131072" value="True"></Boolean>
				</Parameter>
			</ParameterValues>
		</Step>
		<Step id="85" name="AnwenderAbbruchZulassen setzen" enable="True">
			<Options>65536</Options>
			<ParameterValues membercount="1">
				<Parameter type="Boolean">
					<Boolean id="131072" value="False"></Boolean>
				</Parameter>
			</ParameterValues>
		</Step>
		<Step id="89" name="# (Kommentar)" enable="True">
			<ParameterValues membercount="1">
				<Parameter type="Comment">
					<Comment></Comment>
				</Parameter>
			</ParameterValues>
		</Step>
		<Step id="68" name="Wenn" enable="True">
			<Options>16384</Options>
			<ParameterValues membercount="1">
				<Parameter type="Calculation">
					<Calculation datatype="7" position="0">
						<Calculation>
							<Text><![CDATA[MBS( "Version" ) > 0]]></Text>
							<ChunkList hash="56D12F16E65E03420F118A1D71C748E6">
								<Chunk type="FunctionRef">MBS</Chunk>
								<Chunk type="NoRef">( &quot;Version&quot; ) &gt; 0</Chunk>
							</ChunkList>
						</Calculation>
					</Calculation>
				</Parameter>
			</ParameterValues>
		</Step>
		<Step id="89" name="# (Kommentar)" enable="True">
			<ParameterValues membercount="1">
				<Parameter type="Comment">
					<Comment></Comment>
				</Parameter>
			</ParameterValues>
		</Step>
		<Step id="91" name="Ersetze alle Feldwerte" enable="True">
			<Options>16517</Options>
			<ParameterValues membercount="3">
				<Parameter type="Boolean">
					<Boolean type="Mit Dialog" id="128" value="False"></Boolean>
				</Parameter>
				<Parameter type="FieldReference">
					<FieldReference id="6" name="On">
						<repetition value="1"></repetition>
						<TableOccurrenceReference id="1065153" name="Home.MBS_DeveloperOptions"></TableOccurrenceReference>
					</FieldReference>
				</Parameter>
				<Parameter type="replace">
					<List name="Durch Berechnung ersetzen: " value="3">
						<Calculation datatype="1" position="0">
							<Calculation>
								<Text><![CDATA[Falls( Home.MBS_DeveloperOptions::OptionState ; 1 )]]></Text>
								<ChunkList hash="5EBD30D1BDE6DDBC6E601018926B9C2B">
									<Chunk type="FunctionRef">Falls</Chunk>
									<Chunk type="NoRef">( </Chunk>
									<Chunk type="FieldRef">
										<FieldReference id="5" name="OptionState" repetition="1">
											<TableOccurrenceReference id="1065153" name="Home.MBS_DeveloperOptions"></TableOccurrenceReference>
										</FieldReference>
									</Chunk>
									<Chunk type="NoRef"> ; 1 )</Chunk>
								</ChunkList>
							</Calculation>
						</Calculation>
					</List>
				</Parameter>
			</ParameterValues>
		</Step>
		<Step id="89" name="# (Kommentar)" enable="True">
			<ParameterValues membercount="1">
				<Parameter type="Comment">
					<Comment></Comment>
				</Parameter>
			</ParameterValues>
		</Step>
		<Step id="70" name="Ende (wenn)" enable="True">
		</Step>
	</ObjectList>
</Script>
