---
source: src/tests.rs
expression: output_content
---
<Script id="79" name="--" isFolder="Marker">
	<UUID modifications="2" userName="R.Watson" accountName="admin" timestamp="2020-08-04T09:52:12">75B3927E-EC8D-4893-B3BA-C6C91B9AC579</UUID>
	<Options hidden="False" access="ReadWrite" SiriShortcutVisible="False" runwithfullaccess="False" compatibility="0">2</Options>
	<TagList></TagList>
</Script>
