---
source: src/main.rs
expression: output_content
---
<Script>
	<ScriptReference id="122" name="Get Server Current Folder Settings"></ScriptReference>
	<ObjectList membercount="42">
		<Step id="89" name="# (Kommentar)" enable="True">
			<Options>4</Options>
			<ParameterValues membercount="1">
				<Parameter type="Comment">
					<Comment value=" PURPOSE: Get Server Current Folder Settings"></Comment>
				</Parameter>
			</ParameterValues>
		</Step>
		<Step id="89" name="# (Kommentar)" enable="True">
			<Options>4</Options>
			<ParameterValues membercount="1">
				<Parameter type="Comment">
					<Comment value=" HISTORY:&#13;   - Created:   2020-01-19 by Mike Duncan (mduncan@soliantconsulting.com)&#13;   - Modified:  2020-00-00 "></Comment>
				</Parameter>
			</ParameterValues>
		</Step>
		<Step id="89" name="# (Kommentar)" enable="True">
			<ParameterValues membercount="1">
				<Parameter type="Comment">
					<Comment></Comment>
				</Parameter>
			</ParameterValues>
		</Step>
		<Step id="85" name="AnwenderAbbruchZulassen setzen" enable="True">
			<Options>196608</Options>
			<ParameterValues membercount="1">
				<Parameter type="Boolean">
					<Boolean id="131072" value="True"></Boolean>
				</Parameter>
			</ParameterValues>
		</Step>
		<Step id="86" name="Fehleraufzeichnung setzen" enable="True">
			<Options>196608</Options>
			<ParameterValues membercount="1">
				<Parameter type="Boolean">
					<Boolean id="131072" value="True"></Boolean>
				</Parameter>
			</ParameterValues>
		</Step>
		<Step id="141" name="Variable setzen" enable="True">
			<Options>16388</Options>
			<ParameterValues membercount="1">
				<Parameter type="Variable">
					<value>
						<Calculation datatype="1" position="1">
							<Calculation>
								<Text><![CDATA[0]]></Text>
								<ChunkList hash="9BF55A5D51230A8EA20D4BAA0F468EEC">
									<Chunk type="NoRef">0</Chunk>
								</ChunkList>
							</Calculation>
						</Calculation>
					</value>
					<Name value="$error"></Name>
					<repetition></repetition>
				</Parameter>
			</ParameterValues>
		</Step>
		<Step id="89" name="# (Kommentar)" enable="True">
			<ParameterValues membercount="1">
				<Parameter type="Comment">
					<Comment></Comment>
				</Parameter>
			</ParameterValues>
		</Step>
		<Step id="89" name="# (Kommentar)" enable="True">
			<Options>4</Options>
			<ParameterValues membercount="1">
				<Parameter type="Comment">
					<Comment value="-------------------------------------------------------------"></Comment>
				</Parameter>
			</ParameterValues>
		</Step>
		<Step id="89" name="# (Kommentar)" enable="True">
			<Options>4</Options>
			<ParameterValues membercount="1">
				<Parameter type="Comment">
					<Comment value=" SET-UP"></Comment>
				</Parameter>
			</ParameterValues>
		</Step>
		<Step id="89" name="# (Kommentar)" enable="True">
			<Options>4</Options>
			<ParameterValues membercount="1">
				<Parameter type="Comment">
					<Comment value="-------------------------------------------------------------"></Comment>
				</Parameter>
			</ParameterValues>
		</Step>
		<Step id="1" name="Script ausführen" enable="True">
			<Options>64</Options>
			<ParameterValues membercount="2">
				<Parameter type="List">
					<List name="Aus Liste" value="1">
						<ScriptReference id="35" name="Set Config"></ScriptReference>
					</List>
				</Parameter>
				<Parameter type="Parameter">
					<Parameter></Parameter>
				</Parameter>
			</ParameterValues>
		</Step>
		<Step id="141" name="Variable setzen" enable="True">
			<Options>16388</Options>
			<ParameterValues membercount="1">
				<Parameter type="Variable">
					<value>
						<Calculation datatype="1" position="1">
							<Calculation>
								<Text><![CDATA["/server/currentfoldersettings"]]></Text>
								<ChunkList hash="49E14BD0F2C009F5C2F0F4D5364CA2E1">
									<Chunk type="NoRef">&quot;/server/currentfoldersettings&quot;</Chunk>
								</ChunkList>
							</Calculation>
						</Calculation>
					</value>
					<Name value="$endpoint"></Name>
					<repetition></repetition>
				</Parameter>
			</ParameterValues>
		</Step>
		<Step id="141" name="Variable setzen" enable="True">
			<Options>16388</Options>
			<ParameterValues membercount="1">
				<Parameter type="Variable">
					<value>
						<Calculation datatype="1" position="1">
							<Calculation>
								<Text><![CDATA[" --request GET" &" --header \"Authorization: Bearer " & $$my.token & "\"" &" --header \"Content-Type: application/json\"" &" --dump-header $$my.headers"]]></Text>
								<ChunkList hash="73E91CCB3C96E1EE23F539872E85DAF1">
									<Chunk type="NoRef">&quot; --request GET&quot; &amp;&#13;&quot; --header \&quot;Authorization: Bearer &quot; &amp; </Chunk>
									<Chunk type="VariableReference">$$my.token</Chunk>
									<Chunk type="NoRef"> &amp; &quot;\&quot;&quot; &amp;&#13;&quot; --header \&quot;Content-Type: application/json\&quot;&quot; &amp;&#13;&quot; --dump-header $$my.headers&quot;</Chunk>
								</ChunkList>
							</Calculation>
						</Calculation>
					</value>
					<Name value="$curloptions"></Name>
					<repetition></repetition>
				</Parameter>
			</ParameterValues>
		</Step>
		<Step id="89" name="# (Kommentar)" enable="True">
			<ParameterValues membercount="1">
				<Parameter type="Comment">
					<Comment></Comment>
				</Parameter>
			</ParameterValues>
		</Step>
		<Step id="89" name="# (Kommentar)" enable="True">
			<Options>4</Options>
			<ParameterValues membercount="1">
				<Parameter type="Comment">
					<Comment value="-------------------------------------------------------------"></Comment>
				</Parameter>
			</ParameterValues>
		</Step>
		<Step id="89" name="# (Kommentar)" enable="True">
			<Options>4</Options>
			<ParameterValues membercount="1">
				<Parameter type="Comment">
					<Comment value=" PROCESS"></Comment>
				</Parameter>
			</ParameterValues>
		</Step>
		<Step id="89" name="# (Kommentar)" enable="True">
			<Options>4</Options>
			<ParameterValues membercount="1">
				<Parameter type="Comment">
					<Comment value="-------------------------------------------------------------"></Comment>
				</Parameter>
			</ParameterValues>
		</Step>
		<Step id="160" name="Aus URL einfügen" enable="True">
			<Options>20613</Options>
			<ParameterValues membercount="6">
				<Parameter type="Boolean">
					<Boolean type="SSL-Zertifikate verifizieren" id="268435456" value="False"></Boolean>
				</Parameter>
				<Parameter type="Boolean">
					<Boolean type="Auswahl" id="4096" value="True"></Boolean>
				</Parameter>
				<Parameter type="Boolean">
					<Boolean type="Mit Dialog" id="128" value="False"></Boolean>
				</Parameter>
				<Parameter type="Target">
					<Variable value="$$my.result">
						<repetition value="1"></repetition>
					</Variable>
				</Parameter>
				<Parameter type="URL">
					<URL autoEncode="True">
						<Calculation datatype="1" position="0">
							<Calculation>
								<Text><![CDATA[$$server & $endpoint]]></Text>
								<ChunkList hash="9EA92AEF077FA44AE68308694556F8CB">
									<Chunk type="VariableReference">$$server</Chunk>
									<Chunk type="NoRef"> &amp; </Chunk>
									<Chunk type="VariableReference">$endpoint</Chunk>
								</ChunkList>
							</Calculation>
						</Calculation>
					</URL>
				</Parameter>
				<Parameter type="Calculation">
					<Calculation datatype="1" position="1">
						<Calculation>
							<Text><![CDATA[$curloptions]]></Text>
							<ChunkList hash="205B4DA1BAD160DEDA31FE70167BBA78">
								<Chunk type="VariableReference">$curloptions</Chunk>
							</ChunkList>
						</Calculation>
					</Calculation>
				</Parameter>
			</ParameterValues>
		</Step>
		<Step id="1" name="Script ausführen" enable="True">
			<Options>64</Options>
			<ParameterValues membercount="2">
				<Parameter type="List">
					<List name="Aus Liste" value="1">
						<ScriptReference id="31" name="Handle response"></ScriptReference>
					</List>
				</Parameter>
				<Parameter type="Parameter">
					<Parameter></Parameter>
				</Parameter>
			</ParameterValues>
		</Step>
		<Step id="89" name="# (Kommentar)" enable="True">
			<ParameterValues membercount="1">
				<Parameter type="Comment">
					<Comment></Comment>
				</Parameter>
			</ParameterValues>
		</Step>
		<Step id="68" name="Wenn" enable="True">
			<Options>16384</Options>
			<ParameterValues membercount="1">
				<Parameter type="Calculation">
					<Calculation datatype="7" position="0">
						<Calculation>
							<Text><![CDATA[Hole ( ScriptErgebnis ) = "1"]]></Text>
							<ChunkList hash="8C6CBCB21CCFFBA5E461DF278EC4FA0D">
								<Chunk type="FunctionRef">Hole</Chunk>
								<Chunk type="NoRef"> ( </Chunk>
								<Chunk type="FunctionRef">ScriptErgebnis</Chunk>
								<Chunk type="NoRef"> ) = &quot;1&quot;</Chunk>
							</ChunkList>
						</Calculation>
					</Calculation>
				</Parameter>
			</ParameterValues>
		</Step>
		<Step id="89" name="# (Kommentar)" enable="True">
			<Options>4</Options>
			<ParameterValues membercount="1">
				<Parameter type="Comment">
					<Comment value="parse json response"></Comment>
				</Parameter>
			</ParameterValues>
		</Step>
		<Step id="76" name="Feldwert setzen" enable="True">
			<Options>16385</Options>
			<ParameterValues membercount="2">
				<Parameter type="FieldReference">
					<FieldReference id="116" name="defaultDatabaseFolder">
						<repetition value="1"></repetition>
						<TableOccurrenceReference id="1065089" name="FMS__fmserver"></TableOccurrenceReference>
					</FieldReference>
				</Parameter>
				<Parameter type="Calculation">
					<Calculation datatype="1" position="0">
						<Calculation>
							<Text><![CDATA[JSONGetElement ( $$my.result ; "response.defaultDatabaseFolder" )]]></Text>
							<ChunkList hash="2620B13FE6BD7E2419E13EBCC24EDCBD">
								<Chunk type="FunctionRef">JSONGetElement</Chunk>
								<Chunk type="NoRef"> ( </Chunk>
								<Chunk type="VariableReference">$$my.result</Chunk>
								<Chunk type="NoRef"> ; &quot;response.defaultDatabaseFolder&quot; )</Chunk>
							</ChunkList>
						</Calculation>
					</Calculation>
				</Parameter>
			</ParameterValues>
		</Step>
		<Step id="76" name="Feldwert setzen" enable="True">
			<Options>16385</Options>
			<ParameterValues membercount="2">
				<Parameter type="FieldReference">
					<FieldReference id="117" name="secureDatabaseFolder">
						<repetition value="1"></repetition>
						<TableOccurrenceReference id="1065089" name="FMS__fmserver"></TableOccurrenceReference>
					</FieldReference>
				</Parameter>
				<Parameter type="Calculation">
					<Calculation datatype="1" position="0">
						<Calculation>
							<Text><![CDATA[JSONGetElement ( $$my.result ; "response.secureDatabaseFolder" )]]></Text>
							<ChunkList hash="7877C26E652B101210173BFB432389EF">
								<Chunk type="FunctionRef">JSONGetElement</Chunk>
								<Chunk type="NoRef"> ( </Chunk>
								<Chunk type="VariableReference">$$my.result</Chunk>
								<Chunk type="NoRef"> ; &quot;response.secureDatabaseFolder&quot; )</Chunk>
							</ChunkList>
						</Calculation>
					</Calculation>
				</Parameter>
			</ParameterValues>
		</Step>
		<Step id="76" name="Feldwert setzen" enable="True">
			<Options>16385</Options>
			<ParameterValues membercount="2">
				<Parameter type="FieldReference">
					<FieldReference id="118" name="additionalDatabaseFolder">
						<repetition value="1"></repetition>
						<TableOccurrenceReference id="1065089" name="FMS__fmserver"></TableOccurrenceReference>
					</FieldReference>
				</Parameter>
				<Parameter type="Calculation">
					<Calculation datatype="1" position="0">
						<Calculation>
							<Text><![CDATA[JSONGetElement ( $$my.result ; "response.additionalDatabaseFolder[0]" )]]></Text>
							<ChunkList hash="74F12021DEEDE2D9B5DDC19B67A969E6">
								<Chunk type="FunctionRef">JSONGetElement</Chunk>
								<Chunk type="NoRef"> ( </Chunk>
								<Chunk type="VariableReference">$$my.result</Chunk>
								<Chunk type="NoRef"> ; &quot;response.additionalDatabaseFolder[0]&quot; )</Chunk>
							</ChunkList>
						</Calculation>
					</Calculation>
				</Parameter>
			</ParameterValues>
		</Step>
		<Step id="76" name="Feldwert setzen" enable="True">
			<Options>16385</Options>
			<ParameterValues membercount="2">
				<Parameter type="FieldReference">
					<FieldReference id="119" name="additionalRemoteContainerFolder">
						<repetition value="1"></repetition>
						<TableOccurrenceReference id="1065089" name="FMS__fmserver"></TableOccurrenceReference>
					</FieldReference>
				</Parameter>
				<Parameter type="Calculation">
					<Calculation datatype="1" position="0">
						<Calculation>
							<Text><![CDATA[JSONGetElement ( $$my.result ; "response.additionalRemoteContainerFolder[0]" )]]></Text>
							<ChunkList hash="2762987EC9F3AAFD89AA3264703D956A">
								<Chunk type="FunctionRef">JSONGetElement</Chunk>
								<Chunk type="NoRef"> ( </Chunk>
								<Chunk type="VariableReference">$$my.result</Chunk>
								<Chunk type="NoRef"> ; &quot;response.additionalRemoteContainerFolder[0]&quot; )</Chunk>
							</ChunkList>
						</Calculation>
					</Calculation>
				</Parameter>
			</ParameterValues>
		</Step>
		<Step id="76" name="Feldwert setzen" enable="True">
			<Options>16385</Options>
			<ParameterValues membercount="2">
				<Parameter type="FieldReference">
					<FieldReference id="120" name="backupPath">
						<repetition value="1"></repetition>
						<TableOccurrenceReference id="1065089" name="FMS__fmserver"></TableOccurrenceReference>
					</FieldReference>
				</Parameter>
				<Parameter type="Calculation">
					<Calculation datatype="1" position="0">
						<Calculation>
							<Text><![CDATA[JSONGetElement ( $$my.result ; "response.backupPath" )]]></Text>
							<ChunkList hash="99EC840907F2ADFBF2481BC3EEAE4696">
								<Chunk type="FunctionRef">JSONGetElement</Chunk>
								<Chunk type="NoRef"> ( </Chunk>
								<Chunk type="VariableReference">$$my.result</Chunk>
								<Chunk type="NoRef"> ; &quot;response.backupPath&quot; )</Chunk>
							</ChunkList>
						</Calculation>
					</Calculation>
				</Parameter>
			</ParameterValues>
		</Step>
		<Step id="76" name="Feldwert setzen" enable="True">
			<Options>16385</Options>
			<ParameterValues membercount="2">
				<Parameter type="FieldReference">
					<FieldReference id="122" name="progressiveBackupFolder_enabled">
						<repetition value="1"></repetition>
						<TableOccurrenceReference id="1065089" name="FMS__fmserver"></TableOccurrenceReference>
					</FieldReference>
				</Parameter>
				<Parameter type="Calculation">
					<Calculation datatype="1" position="0">
						<Calculation>
							<Text><![CDATA[JSONGetElement ( $$my.result ; "response.progressiveBackupFolder[0]" )]]></Text>
							<ChunkList hash="18450751F5D6FE611B38B942E2EBC386">
								<Chunk type="FunctionRef">JSONGetElement</Chunk>
								<Chunk type="NoRef"> ( </Chunk>
								<Chunk type="VariableReference">$$my.result</Chunk>
								<Chunk type="NoRef"> ; &quot;response.progressiveBackupFolder[0]&quot; )</Chunk>
							</ChunkList>
						</Calculation>
					</Calculation>
				</Parameter>
			</ParameterValues>
		</Step>
		<Step id="76" name="Feldwert setzen" enable="True">
			<Options>16385</Options>
			<ParameterValues membercount="2">
				<Parameter type="FieldReference">
					<FieldReference id="121" name="progressiveBackupFolder">
						<repetition value="1"></repetition>
						<TableOccurrenceReference id="1065089" name="FMS__fmserver"></TableOccurrenceReference>
					</FieldReference>
				</Parameter>
				<Parameter type="Calculation">
					<Calculation datatype="1" position="0">
						<Calculation>
							<Text><![CDATA[JSONGetElement ( $$my.result ; "response.progressiveBackupFolder[1]" )]]></Text>
							<ChunkList hash="6979FA902AA3EAB27FD3EA6B3B166F03">
								<Chunk type="FunctionRef">JSONGetElement</Chunk>
								<Chunk type="NoRef"> ( </Chunk>
								<Chunk type="VariableReference">$$my.result</Chunk>
								<Chunk type="NoRef"> ; &quot;response.progressiveBackupFolder[1]&quot; )</Chunk>
							</ChunkList>
						</Calculation>
					</Calculation>
				</Parameter>
			</ParameterValues>
		</Step>
		<Step id="89" name="# (Kommentar)" enable="True">
			<ParameterValues membercount="1">
				<Parameter type="Comment">
					<Comment></Comment>
				</Parameter>
			</ParameterValues>
		</Step>
		<Step id="70" name="Ende (wenn)" enable="True">
		</Step>
		<Step id="89" name="# (Kommentar)" enable="True">
			<ParameterValues membercount="1">
				<Parameter type="Comment">
					<Comment></Comment>
				</Parameter>
			</ParameterValues>
		</Step>
		<Step id="89" name="# (Kommentar)" enable="True">
			<Options>4</Options>
			<ParameterValues membercount="1">
				<Parameter type="Comment">
					<Comment value="-------------------------------------------------------------"></Comment>
				</Parameter>
			</ParameterValues>
		</Step>
		<Step id="89" name="# (Kommentar)" enable="True">
			<Options>4</Options>
			<ParameterValues membercount="1">
				<Parameter type="Comment">
					<Comment value=" CLEAN UP"></Comment>
				</Parameter>
			</ParameterValues>
		</Step>
		<Step id="89" name="# (Kommentar)" enable="True">
			<Options>4</Options>
			<ParameterValues membercount="1">
				<Parameter type="Comment">
					<Comment value="-------------------------------------------------------------"></Comment>
				</Parameter>
			</ParameterValues>
		</Step>
		<Step id="68" name="Wenn" enable="True">
			<Options>16384</Options>
			<ParameterValues membercount="1">
				<Parameter type="Calculation">
					<Calculation datatype="7" position="0">
						<Calculation>
							<Text><![CDATA[$error = 0]]></Text>
							<ChunkList hash="CE3C173E2CD2554CBB236CEE7C56CBB6">
								<Chunk type="VariableReference">$error</Chunk>
								<Chunk type="NoRef"> = 0</Chunk>
							</ChunkList>
						</Calculation>
					</Calculation>
				</Parameter>
			</ParameterValues>
		</Step>
		<Step id="89" name="# (Kommentar)" enable="True">
			<Options>4</Options>
			<ParameterValues membercount="1">
				<Parameter type="Comment">
					<Comment value=" set to exit true if you do not need to pass an error"></Comment>
				</Parameter>
			</ParameterValues>
		</Step>
		<Step id="141" name="Variable setzen" enable="True">
			<Options>16388</Options>
			<ParameterValues membercount="1">
				<Parameter type="Variable">
					<value>
						<Calculation datatype="1" position="1">
							<Calculation>
								<Text><![CDATA[1 // exit true]]></Text>
								<ChunkList hash="DC134DF247804ECF23193E2024A59A1B">
									<Chunk type="NoRef">1 // exit true</Chunk>
								</ChunkList>
							</Calculation>
						</Calculation>
					</value>
					<Name value="$error"></Name>
					<repetition></repetition>
				</Parameter>
			</ParameterValues>
		</Step>
		<Step id="70" name="Ende (wenn)" enable="True">
		</Step>
		<Step id="89" name="# (Kommentar)" enable="True">
			<ParameterValues membercount="1">
				<Parameter type="Comment">
					<Comment></Comment>
				</Parameter>
			</ParameterValues>
		</Step>
		<Step id="103" name="Aktuelles Script verlassen" enable="True">
			<Options>16384</Options>
			<ParameterValues membercount="1">
				<Parameter type="Calculation">
					<Calculation datatype="1" position="0">
						<Calculation>
							<Text><![CDATA[$error]]></Text>
							<ChunkList hash="926F59D0E89012933FB1C2137ABF78F1">
								<Chunk type="VariableReference">$error</Chunk>
							</ChunkList>
						</Calculation>
					</Calculation>
				</Parameter>
			</ParameterValues>
		</Step>
		<Step id="89" name="# (Kommentar)" enable="True">
			<ParameterValues membercount="1">
				<Parameter type="Comment">
					<Comment></Comment>
				</Parameter>
			</ParameterValues>
		</Step>
	</ObjectList>
</Script>
