---
source: src/main.rs
expression: output_content
---
<Script>
	<ScriptReference id="54" name="ODBC/JDBC Settings" UUID="A61D89F9-3C36-4004-BE41-7BE82EDE7014"></ScriptReference>
	<ObjectList membercount="36">
		<Step index="0" id="89" name="# (Kommentar)" enable="True">
			<UUID>14AF30C3-BEC7-4163-B5E4-11F2577F379B</UUID>
			<OwnerID></OwnerID>
			<Options>4</Options>
			<ParameterValues membercount="1">
				<Parameter type="Comment">
					<Comment value=" PURPOSE: Get ODBC Settings"></Comment>
				</Parameter>
			</ParameterValues>
		</Step>
		<Step index="1" id="89" name="# (Kommentar)" enable="True">
			<UUID>C24B7011-0ACC-4B3A-978C-96D32F7F15FA</UUID>
			<OwnerID></OwnerID>
			<Options>4</Options>
			<ParameterValues membercount="1">
				<Parameter type="Comment">
					<Comment value=" HISTORY:&#13;   - Created:   2019-04-23 by Mike Duncan (mduncan@soliantconsulting.com)&#13;   - Modified:  2019-04-23 by Mike Duncan, update to v2 admin api"></Comment>
				</Parameter>
			</ParameterValues>
		</Step>
		<Step index="2" id="89" name="# (Kommentar)" enable="True">
			<UUID>7E872D7F-2694-4D32-B02D-E846D3DCF8AF</UUID>
			<OwnerID></OwnerID>
			<Options>0</Options>
			<ParameterValues membercount="1">
				<Parameter type="Comment">
					<Comment></Comment>
				</Parameter>
			</ParameterValues>
		</Step>
		<Step index="3" id="85" name="AnwenderAbbruchZulassen setzen" enable="True">
			<UUID>BE1F60A4-3613-4987-96D8-EAC84E2C2E83</UUID>
			<OwnerID></OwnerID>
			<Options>196608</Options>
			<ParameterValues membercount="1">
				<Parameter type="Boolean">
					<Boolean id="131072" value="True"></Boolean>
				</Parameter>
			</ParameterValues>
		</Step>
		<Step index="4" id="86" name="Fehleraufzeichnung setzen" enable="True">
			<UUID>7687D3B6-F669-4365-B212-9D37C67952D9</UUID>
			<OwnerID></OwnerID>
			<Options>196608</Options>
			<ParameterValues membercount="1">
				<Parameter type="Boolean">
					<Boolean id="131072" value="True"></Boolean>
				</Parameter>
			</ParameterValues>
		</Step>
		<Step index="5" id="141" name="Variable setzen" enable="True">
			<UUID>4E63CBBF-9F2D-4073-BE31-BD3B0984E207</UUID>
			<OwnerID></OwnerID>
			<Options>16388</Options>
			<ParameterValues membercount="1">
				<Parameter type="Variable">
					<value>
						<Calculation datatype="1" position="1">
							<Calculation>
								<Text><![CDATA[0]]></Text>
								<ChunkList hash="9BF55A5D51230A8EA20D4BAA0F468EEC">
									<Chunk type="NoRef">0</Chunk>
								</ChunkList>
							</Calculation>
						</Calculation>
					</value>
					<Name value="$error"></Name>
					<repetition></repetition>
				</Parameter>
			</ParameterValues>
		</Step>
		<Step index="6" id="89" name="# (Kommentar)" enable="True">
			<UUID>454714D1-D438-4794-AF7D-8F32CFC6A965</UUID>
			<OwnerID></OwnerID>
			<Options>0</Options>
			<ParameterValues membercount="1">
				<Parameter type="Comment">
					<Comment></Comment>
				</Parameter>
			</ParameterValues>
		</Step>
		<Step index="7" id="89" name="# (Kommentar)" enable="True">
			<UUID>EC8C9C00-B14B-4D52-9ED7-8BDC32B278EE</UUID>
			<OwnerID></OwnerID>
			<Options>4</Options>
			<ParameterValues membercount="1">
				<Parameter type="Comment">
					<Comment value="-------------------------------------------------------------"></Comment>
				</Parameter>
			</ParameterValues>
		</Step>
		<Step index="8" id="89" name="# (Kommentar)" enable="True">
			<UUID>8E2B7242-28B1-4747-BD38-F59603202B50</UUID>
			<OwnerID></OwnerID>
			<Options>4</Options>
			<ParameterValues membercount="1">
				<Parameter type="Comment">
					<Comment value=" SET-UP"></Comment>
				</Parameter>
			</ParameterValues>
		</Step>
		<Step index="9" id="89" name="# (Kommentar)" enable="True">
			<UUID>2D00C912-9068-4668-8797-5C381B5A3354</UUID>
			<OwnerID></OwnerID>
			<Options>4</Options>
			<ParameterValues membercount="1">
				<Parameter type="Comment">
					<Comment value="-------------------------------------------------------------"></Comment>
				</Parameter>
			</ParameterValues>
		</Step>
		<Step index="10" id="1" name="Script ausführen" enable="True">
			<UUID>8B8B81FD-04E9-46F1-A774-65535B6FAB5E</UUID>
			<OwnerID></OwnerID>
			<Options>64</Options>
			<ParameterValues membercount="2">
				<Parameter type="List">
					<List name="Aus Liste" value="1">
						<ScriptReference id="35" name="Set Config" UUID="6E806D84-9200-44AE-B032-89A6016326FF"></ScriptReference>
					</List>
				</Parameter>
				<Parameter type="Parameter">
					<Parameter></Parameter>
				</Parameter>
			</ParameterValues>
		</Step>
		<Step index="11" id="141" name="Variable setzen" enable="True">
			<UUID>39C7BBC5-E632-4AC6-8202-46A7B3C96A2E</UUID>
			<OwnerID></OwnerID>
			<Options>16388</Options>
			<ParameterValues membercount="1">
				<Parameter type="Variable">
					<value>
						<Calculation datatype="1" position="1">
							<Calculation>
								<Text><![CDATA["/xdbc/config"]]></Text>
								<ChunkList hash="B1EFEC4F515391208565F47C368B74E5">
									<Chunk type="NoRef">&quot;/xdbc/config&quot;</Chunk>
								</ChunkList>
							</Calculation>
						</Calculation>
					</value>
					<Name value="$endpoint"></Name>
					<repetition></repetition>
				</Parameter>
			</ParameterValues>
		</Step>
		<Step index="12" id="141" name="Variable setzen" enable="True">
			<UUID>A07D14E8-725A-4546-9830-D232531BF69A</UUID>
			<OwnerID></OwnerID>
			<Options>16388</Options>
			<ParameterValues membercount="1">
				<Parameter type="Variable">
					<value>
						<Calculation datatype="1" position="1">
							<Calculation>
								<Text><![CDATA[" --request GET" &" --header \"Authorization: Bearer " & $$my.token & "\"" &" --header \"Content-Type: application/json\"" &" --dump-header $$my.headers"]]></Text>
								<ChunkList hash="73E91CCB3C96E1EE23F539872E85DAF1">
									<Chunk type="NoRef">&quot; --request GET&quot; &amp;&#13;&quot; --header \&quot;Authorization: Bearer &quot; &amp; </Chunk>
									<Chunk type="VariableReference">$$my.token</Chunk>
									<Chunk type="NoRef"> &amp; &quot;\&quot;&quot; &amp;&#13;&quot; --header \&quot;Content-Type: application/json\&quot;&quot; &amp;&#13;&quot; --dump-header $$my.headers&quot;</Chunk>
								</ChunkList>
							</Calculation>
						</Calculation>
					</value>
					<Name value="$curloptions"></Name>
					<repetition></repetition>
				</Parameter>
			</ParameterValues>
		</Step>
		<Step index="13" id="89" name="# (Kommentar)" enable="True">
			<UUID>544CDC18-0530-446C-A052-6E6E9B59D908</UUID>
			<OwnerID></OwnerID>
			<Options>0</Options>
			<ParameterValues membercount="1">
				<Parameter type="Comment">
					<Comment></Comment>
				</Parameter>
			</ParameterValues>
		</Step>
		<Step index="14" id="89" name="# (Kommentar)" enable="True">
			<UUID>2EDFA3C8-1151-49E8-A60D-41C8FD7EF32E</UUID>
			<OwnerID></OwnerID>
			<Options>4</Options>
			<ParameterValues membercount="1">
				<Parameter type="Comment">
					<Comment value="-------------------------------------------------------------"></Comment>
				</Parameter>
			</ParameterValues>
		</Step>
		<Step index="15" id="89" name="# (Kommentar)" enable="True">
			<UUID>AC173346-367B-43E6-AD25-53E7F18DCEF6</UUID>
			<OwnerID></OwnerID>
			<Options>4</Options>
			<ParameterValues membercount="1">
				<Parameter type="Comment">
					<Comment value=" PROCESS"></Comment>
				</Parameter>
			</ParameterValues>
		</Step>
		<Step index="16" id="89" name="# (Kommentar)" enable="True">
			<UUID>C65D07F9-61AF-40CB-9C5E-A86B4E8568EB</UUID>
			<OwnerID></OwnerID>
			<Options>4</Options>
			<ParameterValues membercount="1">
				<Parameter type="Comment">
					<Comment value="-------------------------------------------------------------"></Comment>
				</Parameter>
			</ParameterValues>
		</Step>
		<Step index="17" id="160" name="Aus URL einfügen" enable="True">
			<UUID>4430108B-5E54-4FCD-9A06-F66C4B6A6E1F</UUID>
			<OwnerID></OwnerID>
			<Options>20613</Options>
			<ParameterValues membercount="6">
				<Parameter type="Boolean">
					<Boolean type="SSL-Zertifikate verifizieren" id="268435456" value="False"></Boolean>
				</Parameter>
				<Parameter type="Boolean">
					<Boolean type="Auswahl" id="4096" value="True"></Boolean>
				</Parameter>
				<Parameter type="Boolean">
					<Boolean type="Mit Dialog" id="128" value="False"></Boolean>
				</Parameter>
				<Parameter type="Target">
					<Variable value="$$my.result">
						<repetition value="1"></repetition>
					</Variable>
				</Parameter>
				<Parameter type="URL">
					<URL autoEncode="True">
						<Calculation datatype="1" position="0">
							<Calculation>
								<Text><![CDATA[$$server & $endpoint]]></Text>
								<ChunkList hash="9EA92AEF077FA44AE68308694556F8CB">
									<Chunk type="VariableReference">$$server</Chunk>
									<Chunk type="NoRef"> &amp; </Chunk>
									<Chunk type="VariableReference">$endpoint</Chunk>
								</ChunkList>
							</Calculation>
						</Calculation>
					</URL>
				</Parameter>
				<Parameter type="Calculation">
					<Calculation datatype="1" position="1">
						<Calculation>
							<Text><![CDATA[$curloptions]]></Text>
							<ChunkList hash="205B4DA1BAD160DEDA31FE70167BBA78">
								<Chunk type="VariableReference">$curloptions</Chunk>
							</ChunkList>
						</Calculation>
					</Calculation>
				</Parameter>
			</ParameterValues>
		</Step>
		<Step index="18" id="1" name="Script ausführen" enable="True">
			<UUID>C4BC245D-9769-4769-87A3-3B718B7FD9A5</UUID>
			<OwnerID></OwnerID>
			<Options>64</Options>
			<ParameterValues membercount="2">
				<Parameter type="List">
					<List name="Aus Liste" value="1">
						<ScriptReference id="31" name="Handle response" UUID="44FA18ED-6DEA-4F32-BDDB-09F438F6D005"></ScriptReference>
					</List>
				</Parameter>
				<Parameter type="Parameter">
					<Parameter></Parameter>
				</Parameter>
			</ParameterValues>
		</Step>
		<Step index="19" id="89" name="# (Kommentar)" enable="True">
			<UUID>45E5737C-7F8B-4670-BB99-996534ADCFCB</UUID>
			<OwnerID></OwnerID>
			<Options>0</Options>
			<ParameterValues membercount="1">
				<Parameter type="Comment">
					<Comment></Comment>
				</Parameter>
			</ParameterValues>
		</Step>
		<Step index="20" id="68" name="Wenn" enable="True">
			<UUID>D39D6F13-75A4-421D-9EC3-D7BD40A8E44D</UUID>
			<OwnerID></OwnerID>
			<Options>16384</Options>
			<ParameterValues membercount="1">
				<Parameter type="Calculation">
					<Calculation datatype="7" position="0">
						<Calculation>
							<Text><![CDATA[Hole ( ScriptErgebnis ) = "1"]]></Text>
							<ChunkList hash="8C6CBCB21CCFFBA5E461DF278EC4FA0D">
								<Chunk type="FunctionRef">Hole</Chunk>
								<Chunk type="NoRef"> ( </Chunk>
								<Chunk type="FunctionRef">ScriptErgebnis</Chunk>
								<Chunk type="NoRef"> ) = &quot;1&quot;</Chunk>
							</ChunkList>
						</Calculation>
					</Calculation>
				</Parameter>
			</ParameterValues>
		</Step>
		<Step index="21" id="89" name="# (Kommentar)" enable="True">
			<UUID>8BB8EBC4-D9E5-410F-B7CD-6464F5D8A289</UUID>
			<OwnerID></OwnerID>
			<Options>4</Options>
			<ParameterValues membercount="1">
				<Parameter type="Comment">
					<Comment value="parse json response"></Comment>
				</Parameter>
			</ParameterValues>
		</Step>
		<Step index="22" id="76" name="Feldwert setzen" enable="True">
			<UUID>BDC4853C-9E96-432C-99C3-DAB78B70DF9A</UUID>
			<OwnerID></OwnerID>
			<Options>16385</Options>
			<ParameterValues membercount="2">
				<Parameter type="FieldReference">
					<FieldReference id="40" name="odbc_enabled" UUID="42186240-A433-45B4-85CB-303AD3BA5A72">
						<repetition value="1"></repetition>
						<TableOccurrenceReference id="1065089" name="FMS__fmserver" UUID="597569C5-24CD-486D-84D6-D79B9D3BDD5B"></TableOccurrenceReference>
					</FieldReference>
				</Parameter>
				<Parameter type="Calculation">
					<Calculation datatype="1" position="0">
						<Calculation>
							<Text><![CDATA[JSONGetElement ( $$my.result ; "response.enabled" )]]></Text>
							<ChunkList hash="29A2524F996FD70658961FEA97F52F1E">
								<Chunk type="FunctionRef">JSONGetElement</Chunk>
								<Chunk type="NoRef"> ( </Chunk>
								<Chunk type="VariableReference">$$my.result</Chunk>
								<Chunk type="NoRef"> ; &quot;response.enabled&quot; )</Chunk>
							</ChunkList>
						</Calculation>
					</Calculation>
				</Parameter>
			</ParameterValues>
		</Step>
		<Step index="23" id="89" name="# (Kommentar)" enable="True">
			<UUID>CA0EC9C2-CEAC-4294-B9BE-E2EEC7F504E5</UUID>
			<OwnerID></OwnerID>
			<Options>0</Options>
			<ParameterValues membercount="1">
				<Parameter type="Comment">
					<Comment></Comment>
				</Parameter>
			</ParameterValues>
		</Step>
		<Step index="24" id="70" name="Ende (wenn)" enable="True">
			<UUID>2C4E1358-02D6-452D-BF2E-334C1ADF61F9</UUID>
			<OwnerID></OwnerID>
			<Options>0</Options>
		</Step>
		<Step index="25" id="89" name="# (Kommentar)" enable="True">
			<UUID>28E46E67-9352-48DD-850F-E8EC8C913DA0</UUID>
			<OwnerID></OwnerID>
			<Options>0</Options>
			<ParameterValues membercount="1">
				<Parameter type="Comment">
					<Comment></Comment>
				</Parameter>
			</ParameterValues>
		</Step>
		<Step index="26" id="89" name="# (Kommentar)" enable="True">
			<UUID>DC1278F8-914C-4731-B508-2C4990A2127C</UUID>
			<OwnerID></OwnerID>
			<Options>4</Options>
			<ParameterValues membercount="1">
				<Parameter type="Comment">
					<Comment value="-------------------------------------------------------------"></Comment>
				</Parameter>
			</ParameterValues>
		</Step>
		<Step index="27" id="89" name="# (Kommentar)" enable="True">
			<UUID>C46F4460-4B8E-4170-B976-FC5990D627C8</UUID>
			<OwnerID></OwnerID>
			<Options>4</Options>
			<ParameterValues membercount="1">
				<Parameter type="Comment">
					<Comment value=" CLEAN UP"></Comment>
				</Parameter>
			</ParameterValues>
		</Step>
		<Step index="28" id="89" name="# (Kommentar)" enable="True">
			<UUID>F971FC20-1F5A-4472-AECA-58A5EBB26E4C</UUID>
			<OwnerID></OwnerID>
			<Options>4</Options>
			<ParameterValues membercount="1">
				<Parameter type="Comment">
					<Comment value="-------------------------------------------------------------"></Comment>
				</Parameter>
			</ParameterValues>
		</Step>
		<Step index="29" id="68" name="Wenn" enable="True">
			<UUID>CACB8678-6AD9-48F2-B061-A79A243AA279</UUID>
			<OwnerID></OwnerID>
			<Options>16384</Options>
			<ParameterValues membercount="1">
				<Parameter type="Calculation">
					<Calculation datatype="7" position="0">
						<Calculation>
							<Text><![CDATA[$error = 0]]></Text>
							<ChunkList hash="CE3C173E2CD2554CBB236CEE7C56CBB6">
								<Chunk type="VariableReference">$error</Chunk>
								<Chunk type="NoRef"> = 0</Chunk>
							</ChunkList>
						</Calculation>
					</Calculation>
				</Parameter>
			</ParameterValues>
		</Step>
		<Step index="30" id="89" name="# (Kommentar)" enable="True">
			<UUID>85A1E358-F14E-46A9-9A68-202B48B5A372</UUID>
			<OwnerID></OwnerID>
			<Options>4</Options>
			<ParameterValues membercount="1">
				<Parameter type="Comment">
					<Comment value=" set to exit true if you do not need to pass an error"></Comment>
				</Parameter>
			</ParameterValues>
		</Step>
		<Step index="31" id="141" name="Variable setzen" enable="True">
			<UUID>1FCAC33E-511E-4A8D-98B0-555A5FE3FB3B</UUID>
			<OwnerID></OwnerID>
			<Options>16388</Options>
			<ParameterValues membercount="1">
				<Parameter type="Variable">
					<value>
						<Calculation datatype="1" position="1">
							<Calculation>
								<Text><![CDATA[1 // exit true]]></Text>
								<ChunkList hash="DC134DF247804ECF23193E2024A59A1B">
									<Chunk type="NoRef">1 // exit true</Chunk>
								</ChunkList>
							</Calculation>
						</Calculation>
					</value>
					<Name value="$error"></Name>
					<repetition></repetition>
				</Parameter>
			</ParameterValues>
		</Step>
		<Step index="32" id="70" name="Ende (wenn)" enable="True">
			<UUID>804AA0B5-10F4-4D85-944E-6B025DF0A508</UUID>
			<OwnerID></OwnerID>
			<Options>0</Options>
		</Step>
		<Step index="33" id="89" name="# (Kommentar)" enable="True">
			<UUID>9208A74A-EC2C-4532-9CA7-4C1A7A3FD040</UUID>
			<OwnerID></OwnerID>
			<Options>0</Options>
			<ParameterValues membercount="1">
				<Parameter type="Comment">
					<Comment></Comment>
				</Parameter>
			</ParameterValues>
		</Step>
		<Step index="34" id="103" name="Aktuelles Script verlassen" enable="True">
			<UUID>59298D56-429F-497E-9ACB-8546354633F5</UUID>
			<OwnerID></OwnerID>
			<Options>16384</Options>
			<ParameterValues membercount="1">
				<Parameter type="Calculation">
					<Calculation datatype="1" position="0">
						<Calculation>
							<Text><![CDATA[$error]]></Text>
							<ChunkList hash="926F59D0E89012933FB1C2137ABF78F1">
								<Chunk type="VariableReference">$error</Chunk>
							</ChunkList>
						</Calculation>
					</Calculation>
				</Parameter>
			</ParameterValues>
		</Step>
		<Step index="35" id="89" name="# (Kommentar)" enable="True">
			<UUID>2F77C3AE-8763-4EB4-9A41-6EDC32542D3B</UUID>
			<OwnerID></OwnerID>
			<Options>0</Options>
			<ParameterValues membercount="1">
				<Parameter type="Comment">
					<Comment></Comment>
				</Parameter>
			</ParameterValues>
		</Step>
	</ObjectList>
</Script>
