---
source: src/tests.rs
expression: output_content
---
Mod( Hole( SonderTastenGedrÃ¼ckt) ; 8*2 )  >= 8
