---
source: src/main.rs
expression: output_content
---
# Control
AnwenderAbbruchZulassen setzen [ OFF ]
Lokale Benachrichtigung konfigurieren [ ‚ö†Ô∏è PARAMETER "action" NOT PARSED ‚ö†Ô∏è ]
Regionsmonitor-Script konfigurieren [ ‚ö†Ô∏è PARAMETER "Monitor" NOT PARSED ‚ö†Ô∏è ]
# Else
# Else If
# End If
# End Loop
# Exit Loop If
Aktuelles Script verlassen []
Alle Scripts abbrechen
Wenn [ 1=0 ]
Sonst, wenn [ 1=1 ]
Sonst
Ende (wenn)
BeiTimer-Script installieren [ "All script steps" ]
Schleife (Anfang) [ Flush: Immer ]
	Verlasse Schleife wenn [ 1=1 ]
Schleife (Ende)
Scriptpause setzen [ ‚ö†Ô∏è PARAMETER "Options" NOT PARSED ‚ö†Ô∏è ]
Script ausf√ºhren [ Aus Liste ; "All script steps" ]
Script auf Server ausf√ºhren [ Aus Liste ; ‚ö†Ô∏è PARAMETER "Parameter" NOT PARSED ‚ö†Ô∏è ; Auf Beendigung warten: ON ]
Fehleraufzeichnung setzen [ ON ]
Layoutobjekt-Animation festlegen [ ON ]
Variable setzen [ $Var ; 1+2 ]

# Navigation
Popover schlie√üen
Bl√§tternmodus aktivieren [ Pause: OFF ]
Suchenmodus aktivieren [ Pause: ON ]
Seitenansichtsmodus aktivieren [ Pause: OFF ]
Gehe zu Feld []
Gehe zu Layout [ Layout: <Originallayout> ; Animation: Ohne ]
Gehe zu n√§chstem Feld
Gehe zu Objekt []
Gehe zu Ausschnittreihe [ Auswahl: ON ; Erste(r) ]
Gehe zu Ausschnittreihe [ Auswahl: ON ; Erste(r) ]
Gehe zu vorherigem Feld
Gehe zu Datens./Abfrage/Seite [ Erste(r) ]
Gehe zu Bezugsdatensatz [ Layout: <Originallayout> ]

# Editing
L√∂schen [ Auswahl: ON ]
Kopieren [ Auswahl: ON ]
Ausschneiden [ Auswahl: ON ]
Einf√ºgen [ Auswahl: ON ; Ohne Stil: OFF ]
Suchen/Ersetzen ausf√ºhren [ Mit Dialog: ON ; ‚ö†Ô∏è PARAMETER "perform" NOT PARSED ‚ö†Ô∏è ; ‚ö†Ô∏è PARAMETER "find" NOT PARSED ‚ö†Ô∏è ; ‚ö†Ô∏è PARAMETER "replace" NOT PARSED ‚ö†Ô∏è ; ‚ö†Ô∏è PARAMETER "direction" NOT PARSED ‚ö†Ô∏è ; ‚ö†Ô∏è PARAMETER "case" NOT PARSED ‚ö†Ô∏è ; ‚ö†Ô∏è PARAMETER "whole" NOT PARSED ‚ö†Ô∏è ; ‚ö†Ô∏è PARAMETER "across" NOT PARSED ‚ö†Ô∏è ; ‚ö†Ô∏è PARAMETER "within" NOT PARSED ‚ö†Ô∏è ]
Alles ausw√§hlen
Auswahl festlegen [ ‚ö†Ô∏è PARAMETER "Select" NOT PARSED ‚ö†Ô∏è ]
R√ºckg√§ngig/Wiederholen [ Umschalten ]

# Fields
Exportiere alle Feldwerte [ Ordner erstellen: OFF ]
Audio/Video einf√ºgen [ Nur Verweis speichern: OFF ]
Berechneten Wert einf√ºgen [ Auswahl: ON ]
Systemdatum einf√ºgen [ Auswahl: ON ]
Systemuhrzeit einf√ºgen [ Auswahl: ON ]
Benutzernamen einf√ºgen [ Auswahl: ON ]
Datei einf√ºgen
PDF einf√ºgen [ Nur Verweis speichern: OFF ]
Bild einf√ºgen [ Nur Verweis speichern: OFF ]
Text einf√ºgen [ Select ]
Von Ger√§t einf√ºgen [ Original ]
Aus Index einf√ºgen [ Auswahl: ON ]
Aus zuletzt ge√∂ffnetem Satz einf√ºgen [ Auswahl: ON ]
Referenzwerte holen [ Mit Dialog: ON ]
Ersetze alle Feldwerte [ Mit Dialog: ON ; Aktueller Inhalt ]
Feldwert setzen [ üö®üö®üö® BROKEN REFERENCE üö®üö®üö® ; "foo" ]
Feld nach Namen einstellen [ Zielfeld angeben: OFF ]
N√§chste fortlaufende Nummer setzen

Objekt einf√ºgen (Windows OLE)
QuickTime einf√ºgen

# Records
Schreibe √Ñnderung Datens./Abfrage [ Mit Dialog: ON ]
Alle Datens./Abfragen kopieren
Datensatz/Abfrage kopieren
Alle Datens√§tze l√∂schen [ Mit Dialog: ON ]
Ausschnittreihe l√∂schen [ Mit Dialog: ON ]
Datensatz/Abfrage l√∂schen [ Mit Dialog: ON ]
Datensatz/Abfrage duplizieren
Datens√§tze exportieren [ Mit Dialog: ON ; Ordner erstellen: OFF ]
Datens√§tze importieren [ SSL-Zertifikate verifizieren: OFF ; Mit Dialog: ON ]
Neuer Datensatz/Abfrage
Datensatz/Abfrage √∂ffnen
Verwerfe √Ñnderung Datens./Abfrage [ Mit Dialog: ON ]
Datens√§tze als Excel speichern [ ‚ö†Ô∏è PARAMETER "Restore" NOT PARSED ‚ö†Ô∏è ; Mit Dialog: ON ; ‚ö†Ô∏è PARAMETER "Options" NOT PARSED ‚ö†Ô∏è ; Ordner erstellen: OFF ]
Datens√§tze als PDF speichern [ ‚ö†Ô∏è PARAMETER "Restore" NOT PARSED ‚ö†Ô∏è ; An vorhandene PDF anh√§ngen: OFF ; Mit Dialog: ON ; ‚ö†Ô∏è PARAMETER "Options" NOT PARSED ‚ö†Ô∏è ; Ordner erstellen: OFF ]
Datens√§tze als Snapshot-Link speichern [ Alle aufgerufenen Datens√§tze ; Ordner erstellen: OFF ]
Tabelle leeren [ Mit Dialog: ON ; <Aktuelle Tabelle> ]

# Found Sets
Ergebnismenge einschr√§nken
Ergebnismenge erweitern
√úbereinst. Datens√§tze suchen [ Ersetzen ]
Letzte Suche √§ndern
Mehrere ausschlie√üen [ Mit Dialog: ON ]
Aktuellen Datens. ausschlie√üen
Ergebnismenge suchen
Schnellsuche durchf√ºhren
Alle Datens√§tze anzeigen
Nur Ausgeschlossene anzeigen
Sortieren [ Mit Dialog: ON ; ‚ö†Ô∏è PARAMETER "Restore" NOT PARSED ‚ö†Ô∏è ]
Datens√§tze nach Feld sortieren [ Aufsteigend ]
Sortierung aufheben

# Windows
Fenster anpassen [ Wiederherstellen ]
Alle Fenster anordnen [ Horizontal nebeneinander ]
Fenster schlie√üen
Fenster fixieren
Fensterposition/-gr√∂√üe √§ndern
Neues Fenster [ Style: Dokument ; Layout: <Originallayout> ]
Fenster aktualisieren
Fenster rollen [ Anfang ]
Fenster aktivieren
Fenstertitel setzen
Zoomstufe setzen [ Fixieren: OFF ; 100% ]
Men√ºleiste ein-/ausblenden [ Umschalten ; Fixieren: OFF ]
Textlineal ein-/ausblenden [ Umschalten ]
Werkzeugleisten ein-/ausblenden [ Fixieren: OFF ; Mit Datensatz-bearbeiten-Werkzeugleiste : OFF ; Umschalten ]
Datens√§tze zeigen als [ Durchwechseln ]

Zul√§ssige Ausrichtungen festlegen

# Files
Datei schlie√üen [ Aktuelle Datei ]
Datei konvertieren [ SSL-Zertifikate verifizieren: OFF ; Datei √∂ffnen: ON ; Indizes √ºberspringen: OFF ; Mit Dialog: ON ]
Neue Datei
Datei √∂ffnen [ Ausgeblendet √∂ffnen: OFF ; <Unbekannt> ]
Drucken [ Mit Dialog: ON ; ‚ö†Ô∏è PARAMETER "Restore" NOT PARSED ‚ö†Ô∏è ; ‚ö†Ô∏è PARAMETER "Print" NOT PARSED ‚ö†Ô∏è ; ‚ö†Ô∏è PARAMETER "PageSetup" NOT PARSED ‚ö†Ô∏è ]
Drucker einrichten [ ‚ö†Ô∏è PARAMETER "Restore" NOT PARSED ‚ö†Ô∏è ; Mit Dialog: ON ; ‚ö†Ô∏è PARAMETER "PageSetup" NOT PARSED ‚ö†Ô∏è ]
Datei wiederherstellen [ Mit Dialog: ON ]
Kopie speichern unter [ Kopie der aktuellen Datei ; Ordner erstellen: OFF ]
Netzwerkzugriff einstellen [ Ein ]
SystemformateVerwenden setzen [ ON ]

# Accounts
Konto hinzuf√ºgen [ ‚ö†Ô∏è PARAMETER "PrivilegeSetReference" NOT PARSED ‚ö†Ô∏è ; Passwort √§ndern: OFF ]
Passwort √§ndern [ Mit Dialog: ON ]
Konto l√∂schen
Konto aktivieren [ enable: ON ]
Erneut anmelden [ Mit Dialog: ON ]
Kontopasswort zur√ºcksetzen [ Password: OFF ]

# Spelling
Ganze Ergebnismenge pr√ºfen
Aktuellen Datensatz pr√ºfen
Nur Auswahl pr√ºfen [ Auswahl: ON ]
Wort korrigieren
Anwenderw√∂rterbuch bearbeiten
W√∂rterb√ºcher w√§hlen
Dateioptionen - Rechtschreibung

# Open Menu Item
Gespeicherte Suchen bearbeiten
Dateioptionen
Suchen/Ersetzen
Hilfe
Hosts √∂ffnen
Container verwalten
Datenquellen verwalten
Datenbank verwalten
Layouts verwalten
Designs verwalten
Wertelisten verwalten
Favoriten √∂ffnen
Einstellungen
Scriptarbeitsbereich √∂ffnen
Sharing - FileMaker Netzwerk
Auf Host hochladen

# Miscellaneous
# Comment
Formatierungsleiste zulassen [ OFF ]
AVPlayer - Wiedergabe [ ‚ö†Ô∏è PARAMETER "Source" NOT PARSED ‚ö†Ô∏è ]
AVPlayer - Optionen festlegen
AVPlayer-Wiedergabestatus festlegen [ Gestoppt ]
Fehlerton
Telefonnummer w√§hlen [ Mit Dialog: ON ]
Touch-Tastatur aktivieren [ Aus ]
SQL ausf√ºhren [ Mit Dialog: ON ; Ordner erstellen: OFF ]
Programm beenden
Cache auf Platte ablegen
Ordnerpfad holen [ Ordnererstellung zulassen: OFF ; ‚ö†Ô∏è PARAMETER "Variable" NOT PARSED ‚ö†Ô∏è ]
Men√ºset installieren [ ‚ö†Ô∏è PARAMETER "CustomMenuSet" NOT PARSED ‚ö†Ô∏è ]
Plugin-Datei installieren
URL √∂ffnen [ Mit Dialog: ON ; ‚ö†Ô∏è PARAMETER "URL" NOT PARSED ‚ö†Ô∏è ]
AppleScript ausf√ºhren [ ‚ö†Ô∏è PARAMETER "Options" NOT PARSED ‚ö†Ô∏è ]
Objekt aktualisieren []
Ausschnitt aktualisieren [ ‚ö†Ô∏è PARAMETER "Object" NOT PARSED ‚ö†Ô∏è ]
DDE Execute senden
Event senden
E-Mail senden [ ‚ö†Ô∏è PARAMETER "Email" NOT PARSED ‚ö†Ô∏è ]
Web Viewer festlegen [ ‚ö†Ô∏è PARAMETER "action" NOT PARSED ‚ö†Ô∏è ]
Eigenes Dialogfeld anzeigen [ ‚ö†Ô∏è PARAMETER "Button1" NOT PARSED ‚ö†Ô∏è ; ‚ö†Ô∏è PARAMETER "Button2" NOT PARSED ‚ö†Ô∏è ; ‚ö†Ô∏è PARAMETER "Button3" NOT PARSED ‚ö†Ô∏è ]
Sprechen [ ‚ö†Ô∏è PARAMETER "Voice" NOT PARSED ‚ö†Ô∏è ; ‚ö†Ô∏è PARAMETER "Wait" NOT PARSED ‚ö†Ô∏è ]

JavaScript in Web Viewer ausf√ºhren
Zul√§ssige Ausrichtungen festlegen

# #External Plugin Steps
# @var $command,$P1,$P2,$P3,$P4
MBS [ $Command ; $P1 ; $P2 ; $P3 ; $P4 ; $P5 ; $P6 ; $P7 ; $P8 ; $P9 ]

# HIDDEN (Step 184)
Open Starter Solution
