---
source: src/tests.rs
expression: output_content
---
<Script id="26" name="Records">
	<UUID modifications="2" userName="Mislav" accountName="admin" timestamp="2025-06-20T18:22:09">6C16E55C-DCC8-44D8-B79D-8D79AA9D4973</UUID>
	<Options hidden="False" access="ReadWrite" SiriShortcutVisible="False" runwithfullaccess="False" compatibility="0">0</Options>
</Script>
