---
source: src/main.rs
expression: output_content
---
<Account id="2" kind="0" type="FileMaker" enable="True">
	<UUID modifications="4" userName="R.Watson" accountName="R.Watson" timestamp="2020-05-25T11:22:52">C75270E9-9B5A-443C-95FF-7F07EF8CC055</UUID>
	<TagList></TagList>
	<Description></Description>
	<Authentication>
		<AccountName>
			<INSECURE_TEXT>admin</INSECURE_TEXT>
		</AccountName>
		<INSECURE_PASSWORD>
			<Context>Y6ft8u8LmwIOUStXM4pUCH2OtRA=QpAct2dZ0z0tbg==</Context>
			<Data>Y6ft8u8LmwIOUStXM4pUCH2OtRA=</Data>
		</INSECURE_PASSWORD>
	</Authentication>
	<PrivilegeSetReference id="1" name="[Voller Zugriff]"></PrivilegeSetReference>
</Account>
