---
source: src/main.rs
expression: output_content
---
<Script id="140" name="Go to Home Layout">
	<UUID modifications="35" userName="R.Watson" accountName="admin" timestamp="2020-07-06T15:44:29">6018F238-AE2D-49FF-9959-F0FE8E0C429E</UUID>
	<Options hidden="True" access="ReadWrite" SiriShortcutVisible="False" runwithfullaccess="False" compatibility="0">8</Options>
</Script>
