---
source: src/main.rs
expression: output_content
---
# 20121025 MrW 

AnwenderAbbruchZulassen setzen [ OFF ]
Fehleraufzeichnung setzen [ ON ]

Feldwert setzen [ _Home::_gHomeScreenInfo ; "" ]
Gehe zu Layout [ Layout: "Home" ; Animation: Ohne ]
Script ausführen [ Aus Liste ; "MBS_SetSyntaxColoringEnabledStatus" ]
Script ausführen [ Aus Liste ; "Allow Formatting Bar ( 0/1 )" ]
Schreibe Änderung Datens./Abfrage [ Mit Dialog: OFF ]
Fenster anpassen ⚠️⚠️⚠️ FM-XML-EXPORT-EXPLODER: UNKNOWN SCRIPT-STEP [ ID: "31" ] ⚠️⚠️⚠️
Fensterposition/-größe ändern ⚠️⚠️⚠️ FM-XML-EXPORT-EXPLODER: UNKNOWN SCRIPT-STEP [ ID: "119" ] ⚠️⚠️⚠️
