---
source: src/main.rs
expression: output_content
---
Datensätze zeigen als ⚠️⚠️⚠️ FM-XML-EXPORT-EXPLODER: UNKNOWN SCRIPT-STEP [ ID: "30" ] ⚠️⚠️⚠️
