---
source: src/main.rs
expression: output_content
---
<FMSaveAsXML version="2.2.3.0" Source="22.0.1" File="Ooe.fmp12" UUID="0A60AFFF-C849-4680-A7D8-6CD2FCDA30E8" locale="English" Has_DDR_INFO="True">
	<Structure membercount="2">
		<AddAction membercount="21">
			<BaseDirectoryCatalog membercount="2" generate="True" temporary="True">
				<UUID modifications="4" userName="Mislav" accountName="Admin" timestamp="2025-06-09T10:20:05">DC709B27-B0A2-4B37-B25C-78437EDD3F37</UUID>
				<TagList></TagList>
				<BaseDirectory name="Ooe/" id="0" relativeTo="True"></BaseDirectory>
				<BaseDirectory name="MyBaseDirectory/" id="1" relativeTo="True"></BaseDirectory>
			</BaseDirectoryCatalog>
			<FileAccessCatalog sameHost="True" required="True">
				<UUID modifications="4" userName="Mislav" accountName="Admin" timestamp="2025-05-04T09:24:37">C9659573-CDA6-48CF-8D9D-020E8ED23A01</UUID>
				<ObjectList membercount="2">
					<Authorization id="3" type="External"></Authorization>
					<Authorization id="4" type="Local"></Authorization>
				</ObjectList>
			</FileAccessCatalog>
			<ExternalDataSourceCatalog membercount="2">
				<UUID modifications="7" userName="Mislav" accountName="admin" timestamp="2025-06-23T09:16:00">417E47B0-60CC-434B-A30B-1E49B790D800</UUID>
				<TagList></TagList>
				<ExternalDataSource name="Ooe_dev" type="FileMaker" id="1"></ExternalDataSource>
				<ExternalDataSource name="TestFile_dev2" type="FileMaker" id="2"></ExternalDataSource>
			</ExternalDataSourceCatalog>
			<BaseTableCatalog membercount="3">
				<UUID modifications="6" userName="Mislav" accountName="admin" timestamp="2025-06-20T17:59:21">BB86768D-3309-4E27-9010-EB912E3CB059</UUID>
				<BaseTable id="129" comment="" name="TestTable"></BaseTable>
				<BaseTable id="131" comment="" name="Contacts"></BaseTable>
				<BaseTable id="132" comment="" name="blank"></BaseTable>
			</BaseTableCatalog>
			<TableOccurrenceCatalog membercount="5">
				<UUID modifications="17" userName="Mislav" accountName="admin" timestamp="2025-06-20T17:59:21">4EF01E87-25C8-468E-939E-BE82841BA6B9</UUID>
				<TagList></TagList>
				<TableOccurrence View="Full" height="86" id="1065089" name="TestTable" type="Local"></TableOccurrence>
				<TableOccurrence View="Full" height="74" id="1065091" name="Contacts" type="Local"></TableOccurrence>
				<TableOccurrence View="Full" height="86" id="1065093" name="Contacts_TestTable" type="Local"></TableOccurrence>
				<TableOccurrence View="Full" height="86" id="1065094" name="TestTable_Contacts" type="Local"></TableOccurrence>
				<TableOccurrence View="Full" height="0" id="1065095" name="blank" type="Local"></TableOccurrence>
			</TableOccurrenceCatalog>
			<CustomFunctionsCatalog membercount="14">
				<UUID modifications="10" userName="Mislav" accountName="admin" timestamp="2025-06-20T16:29:17">00F1397B-1D68-4D94-BB3E-8FCB7E4D3255</UUID>
				<TagList></TagList>
				<ObjectList membercount="14">
					<CustomFunction id="2" name="OrderOfOperations" access="All"></CustomFunction>
					<CustomFunction isFolder="True" id="7" name="MyCustomFunctionParentFolder" access="All"></CustomFunction>
					<CustomFunction id="11" name="GFN" access="All"></CustomFunction>
					<CustomFunction id="12" name="GTN" access="All"></CustomFunction>
					<CustomFunction id="3" name="GetExternalContainerPath" access="All"></CustomFunction>
					<CustomFunction isFolder="True" id="14" name="MyEmptyCustomFunctionFolder" access="All"></CustomFunction>
					<CustomFunction isFolder="Marker" id="15" name="--" access="All"></CustomFunction>
					<CustomFunction isFolder="True" id="9" name="MyCustomFunctionFolder" access="All"></CustomFunction>
					<CustomFunction id="4" name="GetFileMakerVersionMajor" access="All"></CustomFunction>
					<CustomFunction id="5" name="GetFileMakerVersionMinor" access="All"></CustomFunction>
					<CustomFunction id="6" name="GetFileMakerVersionPatch" access="All"></CustomFunction>
					<CustomFunction isFolder="Marker" id="10" name="--" access="All"></CustomFunction>
					<CustomFunction isFolder="Marker" id="8" name="--" access="All"></CustomFunction>
					<CustomFunction id="1" name="MyCustomFunction" access="All"></CustomFunction>
				</ObjectList>
			</CustomFunctionsCatalog>
			<ValueListCatalog membercount="4">
				<UUID modifications="2" userName="Mislav" accountName="Admin" timestamp="2025-05-04T09:19:25">8DD3C8A3-C189-45A1-97C7-EAA291738DF9</UUID>
				<TagList></TagList>
				<ValueList id="1" name="TestTable | TextField1"></ValueList>
				<ValueList id="2" name="YN"></ValueList>
				<ValueList id="3" name="1"></ValueList>
				<ValueList id="4" name="MyRelatedValueList"></ValueList>
			</ValueListCatalog>
			<FieldsForTables membercount="3">
				<FieldCatalog>
					<BaseTableReference id="129" name="TestTable" UUID="471CCAC6-9046-4B2E-BD66-03EEAE88170B"></BaseTableReference>
				</FieldCatalog>
				<FieldCatalog>
					<BaseTableReference id="131" name="Contacts" UUID="48C3E49A-617B-45C4-98F9-E901BD4E69BE"></BaseTableReference>
				</FieldCatalog>
				<FieldCatalog>
					<BaseTableReference id="132" name="blank" UUID="D47F32E3-EBB9-4E0D-AD93-AC6851AC0F26"></BaseTableReference>
				</FieldCatalog>
			</FieldsForTables>
			<OptionsForValueLists membercount="4">
				<ValueList>
					<ValueListReference id="1" name="TestTable | TextField1" UUID="EC091195-2FED-41F9-924A-1F281251A0A8"></ValueListReference>
				</ValueList>
				<ValueList>
					<ValueListReference id="2" name="YN" UUID="5BB3A7E0-1BCE-4C59-8AF2-7DB4CB0368E6"></ValueListReference>
				</ValueList>
				<ValueList>
					<ValueListReference id="3" name="1" UUID="669084CB-1FDD-4DEF-A44B-EC1957866307"></ValueListReference>
				</ValueList>
				<ValueList>
					<ValueListReference id="4" name="MyRelatedValueList" UUID="98560D52-1A3F-4B59-9D1D-8AB7ADFF20CE"></ValueListReference>
				</ValueList>
			</OptionsForValueLists>
			<RelationshipCatalog membercount="2">
				<UUID modifications="3" userName="Mislav" accountName="Admin" timestamp="2025-05-04T09:35:19">E09D59C4-1456-43E1-A305-2965143F3D06</UUID>
				<Relationship id="1"></Relationship>
				<Relationship id="2"></Relationship>
			</RelationshipCatalog>
			<CalcsForCustomFunctions membercount="14">
				<ObjectList membercount="14">
					<CustomFunctionCalc>
						<CustomFunctionReference id="1" name="MyCustomFunction" UUID="B09D418D-AF8E-4292-893F-D60F2E0B4630"></CustomFunctionReference>
					</CustomFunctionCalc>
					<CustomFunctionCalc>
						<CustomFunctionReference id="2" name="OrderOfOperations" UUID="D87A5E62-C8CF-4959-8B25-4E70EAF7BE87"></CustomFunctionReference>
					</CustomFunctionCalc>
					<CustomFunctionCalc>
						<CustomFunctionReference id="3" name="GetExternalContainerPath" UUID="DA97387F-1407-48F2-B7C1-0DED6CF007EF"></CustomFunctionReference>
					</CustomFunctionCalc>
					<CustomFunctionCalc>
						<CustomFunctionReference id="4" name="GetFileMakerVersionMajor" UUID="B346B342-C393-4502-A4CE-BADBFE5BA1C2"></CustomFunctionReference>
					</CustomFunctionCalc>
					<CustomFunctionCalc>
						<CustomFunctionReference id="5" name="GetFileMakerVersionMinor" UUID="3A2BFA28-E9ED-4F25-ABB9-BDDF17665139"></CustomFunctionReference>
					</CustomFunctionCalc>
					<CustomFunctionCalc>
						<CustomFunctionReference id="6" name="GetFileMakerVersionPatch" UUID="6F60EA66-06F1-43FA-807C-CC0C9A5E44D2"></CustomFunctionReference>
					</CustomFunctionCalc>
					<CustomFunctionCalc>
						<CustomFunctionReference id="7" name="MyCustomFunctionParentFolder" UUID="E48EA477-9F10-4B23-8201-768CC088023C"></CustomFunctionReference>
					</CustomFunctionCalc>
					<CustomFunctionCalc>
						<CustomFunctionReference id="8" name="--" UUID="ACBF4549-C23F-43CA-8C63-CDC4CB1FE00A"></CustomFunctionReference>
					</CustomFunctionCalc>
					<CustomFunctionCalc>
						<CustomFunctionReference id="9" name="MyCustomFunctionFolder" UUID="654E7389-F11D-499D-A643-72CF5A076E13"></CustomFunctionReference>
					</CustomFunctionCalc>
					<CustomFunctionCalc>
						<CustomFunctionReference id="10" name="--" UUID="0E50DB7D-2BF2-4730-9C6F-F2F83C790542"></CustomFunctionReference>
					</CustomFunctionCalc>
					<CustomFunctionCalc>
						<CustomFunctionReference id="11" name="GFN" UUID="6868B921-7A89-4BDB-900A-B54A59D434F8"></CustomFunctionReference>
					</CustomFunctionCalc>
					<CustomFunctionCalc>
						<CustomFunctionReference id="12" name="GTN" UUID="F854C3D2-0079-41E5-AB7E-FB054D651142"></CustomFunctionReference>
					</CustomFunctionCalc>
					<CustomFunctionCalc>
						<CustomFunctionReference id="14" name="MyEmptyCustomFunctionFolder" UUID="E1FE1217-BBBC-42D6-BE62-DEE4C457147F"></CustomFunctionReference>
					</CustomFunctionCalc>
					<CustomFunctionCalc>
						<CustomFunctionReference id="15" name="--" UUID="2D3BF025-7523-4BC4-ACAE-6DE4D733F467"></CustomFunctionReference>
					</CustomFunctionCalc>
				</ObjectList>
			</CalcsForCustomFunctions>
			<CustomMenuCatalog membercount="25">
				<PasteIndexList membercount="25">
					<Object id="1"></Object>
					<Object id="10"></Object>
					<Object id="11"></Object>
					<Object id="12"></Object>
					<Object id="13"></Object>
					<Object id="14"></Object>
					<Object id="15"></Object>
					<Object id="16"></Object>
					<Object id="17"></Object>
					<Object id="18"></Object>
					<Object id="19"></Object>
					<Object id="2"></Object>
					<Object id="20"></Object>
					<Object id="21"></Object>
					<Object id="22"></Object>
					<Object id="23"></Object>
					<Object id="24"></Object>
					<Object id="26"></Object>
					<Object id="3"></Object>
					<Object id="4"></Object>
					<Object id="5"></Object>
					<Object id="6"></Object>
					<Object id="7"></Object>
					<Object id="8"></Object>
					<Object id="9"></Object>
				</PasteIndexList>
				<UUID modifications="6" userName="Mislav" accountName="Admin" timestamp="2025-06-08T15:09:17">03DFA0E0-A37A-4AD0-90F0-15FFA8C6452F</UUID>
				<TagList></TagList>
				<CustomMenu name="[Format]" id="1"></CustomMenu>
				<CustomMenu name="[Scripts]" id="2"></CustomMenu>
				<CustomMenu name="[Window]" id="3"></CustomMenu>
				<CustomMenu name="[Recent]" id="4"></CustomMenu>
				<CustomMenu name="[Import Records]" id="5"></CustomMenu>
				<CustomMenu name="[Save/Send Records As]" id="6"></CustomMenu>
				<CustomMenu name="[Go to Layout]" id="7"></CustomMenu>
				<CustomMenu name="[Align Text]" id="8"></CustomMenu>
				<CustomMenu name="[Manage]" id="9"></CustomMenu>
				<CustomMenu name="[Find/Replace]" id="10"></CustomMenu>
				<CustomMenu name="[Font]" id="11"></CustomMenu>
				<CustomMenu name="[Line Spacing]" id="12"></CustomMenu>
				<CustomMenu name="[Sharing]" id="13"></CustomMenu>
				<CustomMenu name="[Go to Request]" id="14"></CustomMenu>
				<CustomMenu name="[Go to Record]" id="15"></CustomMenu>
				<CustomMenu name="[Show Window]" id="16"></CustomMenu>
				<CustomMenu name="[Size]" id="17"></CustomMenu>
				<CustomMenu name="[Spelling]" id="18"></CustomMenu>
				<CustomMenu name="[Style]" id="19"></CustomMenu>
				<CustomMenu name="[Text Color]" id="20"></CustomMenu>
				<CustomMenu name="[Saved Finds]" id="21"></CustomMenu>
				<CustomMenu name="[Send]" id="22"></CustomMenu>
				<CustomMenu name="[Favorites]" id="23"></CustomMenu>
				<CustomMenu name="[Hosts]" id="24"></CustomMenu>
				<CustomMenu name="MyCustomMenu" id="26"></CustomMenu>
			</CustomMenuCatalog>
			<CustomMenuSetCatalog membercount="1">
				<PasteIndexList membercount="1">
					<Object id="2"></Object>
				</PasteIndexList>
				<UUID modifications="3" userName="Mislav" accountName="Admin" timestamp="2025-05-04T09:29:19">2CE39497-5A3F-42B4-B53A-2D7EDC08A094</UUID>
				<TagList></TagList>
				<CustomMenuSetReference id="1" name="[Standard FileMaker Menus]" UUID="F70D8C22-9C5B-42A4-823E-745B4145E1E5"></CustomMenuSetReference>
				<ObjectList membercount="1">
					<CustomMenuSet name="MyCustomMenuSet" id="2" comment="MyCustomMenuSet comment"></CustomMenuSet>
				</ObjectList>
			</CustomMenuSetCatalog>
			<ScriptCatalog membercount="36">
				<UUID modifications="175" userName="Mislav" accountName="admin" timestamp="2025-06-23T09:20:08">AA81A957-0AB6-4210-A369-DC734FE0BC11</UUID>
				<TagList></TagList>
				<Script id="14" name="About" isFolder="True"></Script>
				<Script id="16" name="LICENSE"></Script>
				<Script id="17" name="Release Notes"></Script>
				<Script id="18" name="--" isFolder="Marker"></Script>
				<Script id="1" name="Hello world"></Script>
				<Script id="8" name="-" isSeparatorItem="True"></Script>
				<Script id="3" name="MyScriptFolder" isFolder="True"></Script>
				<Script id="10" name="EmptyScriptFolder" isFolder="True"></Script>
				<Script id="11" name="--" isFolder="Marker"></Script>
				<Script id="6" name="MyScriptSubfolder" isFolder="True"></Script>
				<Script id="9" name="Decode base64 image"></Script>
				<Script id="12" name="Constrain without indexes"></Script>
				<Script id="7" name="--" isFolder="Marker"></Script>
				<Script id="2" name="noop"></Script>
				<Script id="4" name="--" isFolder="Marker"></Script>
				<Script id="5" name="Circular Reference"></Script>
				<Script id="21" name="Scripts With Everything" isFolder="True"></Script>
				<Script id="20" name="Control"></Script>
				<Script id="23" name="Navigation"></Script>
				<Script id="24" name="Editing"></Script>
				<Script id="25" name="Fields"></Script>
				<Script id="26" name="Records"></Script>
				<Script id="27" name="Found Sets"></Script>
				<Script id="28" name="Windows"></Script>
				<Script id="29" name="Files"></Script>
				<Script id="30" name="Accounts"></Script>
				<Script id="31" name="Artificial Intelligence"></Script>
				<Script id="32" name="Spelling"></Script>
				<Script id="33" name="Open Menu Item"></Script>
				<Script id="34" name="Miscellaneous"></Script>
				<Script id="35" name="IP"></Script>
				<Script id="36" name="MBS Plug-In"></Script>
				<Script id="22" name="--" isFolder="Marker"></Script>
				<Script id="37" name="Script from fmSyntaxColorizer" isFolder="True"></Script>
				<Script id="39" name="All script steps and all options"></Script>
				<Script id="38" name="--" isFolder="Marker"></Script>
			</ScriptCatalog>
			<ThemeCatalog membercount="2">
				<UUID modifications="4" userName="Mislav" accountName="Admin" timestamp="2025-05-30T17:43:40">8F5CB6EE-1E42-4F41-A993-046B75EFA116</UUID>
				<TagList></TagList>
				<Theme Display="Apex Blue" Group="Custom" version="1" locale="en" platform="2" name="com.filemaker.theme.custom.A2E1567C_3C83_4902_AE0C_8DF012467D56" baseName="com.filemaker.theme.apex_blue" baseVersion="1" defaultTheme="True" id="1"></Theme>
				<Theme Display="MyCustomTheme" Group="Custom" version="1" locale="en" platform="2" name="com.filemaker.theme.custom.652F8B0F_1C44_4213_95C6_F833E0F68CF6" baseName="com.filemaker.theme.apex_blue" baseVersion="1" id="2"></Theme>
			</ThemeCatalog>
			<LayoutCatalog membercount="10">
				<UUID modifications="182" userName="Mislav" accountName="admin" timestamp="2025-06-20T17:59:43">5E337BAB-42BC-4E8A-878B-9656140CE086</UUID>
				<TagList></TagList>
				<Layout id="11" name="File Open" width="740"></Layout>
				<Layout id="1" name="My Layout for TestTable" width="1400"></Layout>
				<Layout id="7" name="-" width="1024" isSeparatorItem="True"></Layout>
				<Layout id="3" name="MyLayoutFolder" isFolder="True"></Layout>
				<Layout id="8" name="EmptyLayoutFolder" isFolder="True"></Layout>
				<Layout id="9" name="--" isFolder="Marker"></Layout>
				<Layout id="5" name="MyLayoutSubfolder" isFolder="True"></Layout>
				<Layout id="2" name="Contacts" width="1024"></Layout>
				<Layout id="6" name="--" isFolder="Marker"></Layout>
				<Layout id="4" name="--" isFolder="Marker"></Layout>
			</LayoutCatalog>
			<LibraryCatalog membercount="6">
				<BinaryData>
					<LibraryReference id="2" key="4E56B7225EF04B71369CA53DA5EB13C3"></LibraryReference>
				</BinaryData>
				<BinaryData>
					<LibraryReference id="3" key="D3CD5C865EB41FEE71B094F413009974"></LibraryReference>
				</BinaryData>
				<BinaryData>
					<LibraryReference id="4" key="D2259C8A447AE2EF64281E80D3361EA2"></LibraryReference>
				</BinaryData>
				<BinaryData>
					<LibraryReference id="7" key="29480609EE6D8B6E6AA602DA7C468AC3"></LibraryReference>
				</BinaryData>
				<BinaryData>
					<LibraryReference id="9" key="F96B26C0393B31F21F1C10597CF73F29"></LibraryReference>
				</BinaryData>
				<BinaryData>
					<LibraryReference id="10" key="8985DB60D3BA8298492D1FF6195CA41D"></LibraryReference>
				</BinaryData>
			</LibraryCatalog>
			<PrivilegeSetsCatalog membercount="4">
				<UUID modifications="5" userName="Mislav" accountName="admin" timestamp="2025-06-20T17:33:50">98B2706A-36C6-40D8-906C-6BC2B456A80F</UUID>
				<TagList></TagList>
				<ObjectList membercount="4">
					<PrivilegeSet id="1" name="[Full Access]"></PrivilegeSet>
					<PrivilegeSet id="2" name="[Data Entry Only]"></PrivilegeSet>
					<PrivilegeSet id="3" name="[Read-Only Access]"></PrivilegeSet>
					<PrivilegeSet id="4" name="MyRestrictedPrivilegeSet"></PrivilegeSet>
				</ObjectList>
			</PrivilegeSetsCatalog>
			<ExtendedPrivilegesCatalog membercount="12">
				<UUID modifications="6" userName="Mislav" accountName="admin" timestamp="2025-06-20T17:33:50">8068CE1F-72AC-417A-BDB1-549379941552</UUID>
				<ObjectList membercount="12">
					<ExtendedPrivilege id="1" name="fmwebdirect"></ExtendedPrivilege>
					<ExtendedPrivilege id="2" name="fmxdbc"></ExtendedPrivilege>
					<ExtendedPrivilege id="3" name="fmapp"></ExtendedPrivilege>
					<ExtendedPrivilege id="4" name="fmreauthenticate10"></ExtendedPrivilege>
					<ExtendedPrivilege id="5" name="fmxml"></ExtendedPrivilege>
					<ExtendedPrivilege id="6" name="fmphp"></ExtendedPrivilege>
					<ExtendedPrivilege id="7" name="fmextscriptaccess"></ExtendedPrivilege>
					<ExtendedPrivilege id="8" name="fmurlscript"></ExtendedPrivilege>
					<ExtendedPrivilege id="9" name="fmrest"></ExtendedPrivilege>
					<ExtendedPrivilege id="10" name="fmodata"></ExtendedPrivilege>
					<ExtendedPrivilege id="11" name="fmplugin"></ExtendedPrivilege>
					<ExtendedPrivilege id="12" name="MyExtendedPrivilege"></ExtendedPrivilege>
				</ObjectList>
			</ExtendedPrivilegesCatalog>
			<AccountsCatalog membercount="11">
				<UUID modifications="15" userName="Mislav" accountName="admin" timestamp="2025-06-20T17:34:26">D22C37DC-BA62-4D8A-8132-1E49B1F4085A</UUID>
				<Options>4</Options>
				<ObjectList membercount="11">
					<Account id="1" kind="0" type="FileMaker" enable="False"></Account>
					<Account id="2" kind="0" type="FileMaker" enable="True"></Account>
					<Account id="3" kind="0" type="FileMaker" enable="True"></Account>
					<Account id="4" kind="1" type="External" enable="True"></Account>
					<Account id="5" kind="18" type="Amazon" enable="True"></Account>
					<Account id="8" kind="34" type="Microsoft Azure User" enable="True"></Account>
					<Account id="9" kind="35" type="Microsoft Azure Group" enable="True"></Account>
					<Account id="10" kind="66" type="Custom OAuth" enable="True"></Account>
					<Account id="11" kind="67" type="Custom OAuth Group" enable="True"></Account>
					<Account id="14" kind="0" type="FileMaker" enable="True"></Account>
					<Account id="15" kind="0" type="FileMaker" enable="True"></Account>
				</ObjectList>
			</AccountsCatalog>
			<StepsForScripts membercount="23">
				<Script>
					<ScriptReference id="16" name="LICENSE" UUID="9F31DEA0-145D-4400-8F59-9A312AD6FB6E"></ScriptReference>
				</Script>
				<Script>
					<ScriptReference id="17" name="Release Notes" UUID="C59FC9BA-BB08-4E8D-8A7F-1380F07D1E83"></ScriptReference>
				</Script>
				<Script>
					<ScriptReference id="1" name="Hello world" UUID="41D78F84-E8F2-4E2D-90F3-A3C380F22F7E"></ScriptReference>
				</Script>
				<Script>
					<ScriptReference id="9" name="Decode base64 image" UUID="6B3E4942-979B-4200-AEE0-A4103DD28CEC"></ScriptReference>
				</Script>
				<Script>
					<ScriptReference id="12" name="Constrain without indexes" UUID="1066D7B7-EAE9-48FB-BB7A-525C83E91AD7"></ScriptReference>
				</Script>
				<Script>
					<ScriptReference id="2" name="noop" UUID="07F73D91-BCD7-4842-AEA8-93AE9D742C6F"></ScriptReference>
				</Script>
				<Script>
					<ScriptReference id="5" name="Circular Reference" UUID="FCE13863-A635-4F4C-A0B8-AB7FC05ABC78"></ScriptReference>
				</Script>
				<Script>
					<ScriptReference id="20" name="Control" UUID="85C09F94-BC0D-46BC-AE0F-BEE278F6FF4F"></ScriptReference>
				</Script>
				<Script>
					<ScriptReference id="23" name="Navigation" UUID="ACEA98B7-0A1C-4657-93DF-64A820A03471"></ScriptReference>
				</Script>
				<Script>
					<ScriptReference id="24" name="Editing" UUID="2AB37828-C884-483A-96D4-556CB1FF49D9"></ScriptReference>
				</Script>
				<Script>
					<ScriptReference id="25" name="Fields" UUID="89BCD2CC-B945-4CA7-B1B2-D37B2EC74DD3"></ScriptReference>
				</Script>
				<Script>
					<ScriptReference id="26" name="Records" UUID="6C16E55C-DCC8-44D8-B79D-8D79AA9D4973"></ScriptReference>
				</Script>
				<Script>
					<ScriptReference id="27" name="Found Sets" UUID="857693FC-C65F-4362-817A-E914C60A35A5"></ScriptReference>
				</Script>
				<Script>
					<ScriptReference id="28" name="Windows" UUID="EE73BC4A-A9EC-4054-AF58-AFAE5775AF4E"></ScriptReference>
				</Script>
				<Script>
					<ScriptReference id="29" name="Files" UUID="163B7AA2-C6E2-4D85-B9AC-D73AF8A5D5F6"></ScriptReference>
				</Script>
				<Script>
					<ScriptReference id="30" name="Accounts" UUID="5D8583E9-201F-4B93-9A84-4991B1A8A837"></ScriptReference>
				</Script>
				<Script>
					<ScriptReference id="31" name="Artificial Intelligence" UUID="B4770AB5-E3B4-4906-A470-621423C1540F"></ScriptReference>
				</Script>
				<Script>
					<ScriptReference id="32" name="Spelling" UUID="8035073C-2907-44CE-B1D3-766A5CFBBE8A"></ScriptReference>
				</Script>
				<Script>
					<ScriptReference id="33" name="Open Menu Item" UUID="A81A544D-4EF5-47F6-8E5B-CAA965E78F87"></ScriptReference>
				</Script>
				<Script>
					<ScriptReference id="34" name="Miscellaneous" UUID="B152F577-1246-4D19-A208-1028F505F3EE"></ScriptReference>
				</Script>
				<Script>
					<ScriptReference id="35" name="IP" UUID="405E115A-D180-4AF7-AAEF-6CE9DAEDC7E8"></ScriptReference>
				</Script>
				<Script>
					<ScriptReference id="36" name="MBS Plug-In" UUID="903DFD53-07FD-4FF9-9E82-B29E209AEE03"></ScriptReference>
				</Script>
				<Script>
					<ScriptReference id="39" name="All script steps and all options" UUID="FAA08335-C7A3-40E8-BC55-9861B70612E2"></ScriptReference>
				</Script>
			</StepsForScripts>
		</AddAction>
		<ModifyAction membercount="2">
			<FieldsForTables membercount="3">
				<FieldCatalog>
					<BaseTableReference id="129" name="TestTable" UUID="471CCAC6-9046-4B2E-BD66-03EEAE88170B"></BaseTableReference>
				</FieldCatalog>
				<FieldCatalog>
					<BaseTableReference id="129" name="TestTable" UUID="471CCAC6-9046-4B2E-BD66-03EEAE88170B"></BaseTableReference>
				</FieldCatalog>
				<FieldCatalog>
					<BaseTableReference id="131" name="Contacts" UUID="48C3E49A-617B-45C4-98F9-E901BD4E69BE"></BaseTableReference>
				</FieldCatalog>
			</FieldsForTables>
			<LayoutCatalog membercount="1">
				<Layout>
					<LayoutReference id="2" name="Contacts" UUID="106933CF-DEC7-43FD-AB82-68A6CB8D219E"></LayoutReference>
				</Layout>
			</LayoutCatalog>
		</ModifyAction>
	</Structure>
	<Metadata membercount="1"></Metadata>
	<DDR_INFO></DDR_INFO>
</FMSaveAsXML>
