---
source: src/main.rs
expression: output_content
---
<ExtendedPrivilege id="10" name="fmodata">
	<Description>Access via OData</Description>
	<UUID modifications="2" userName="Mislav" accountName="admin" timestamp="2025-06-09T11:42:52">8983581A-B998-458F-818A-C9631484750E</UUID>
	<TagList></TagList>
	<ObjectList membercount="2">
		<PrivilegeSetReference id="1" name="[Full Access]"></PrivilegeSetReference>
		<PrivilegeSetReference id="4" name="MyRestrictedPrivilegeSet"></PrivilegeSetReference>
	</ObjectList>
</ExtendedPrivilege>
