---
source: src/main.rs
expression: output_content
---
# 20121101 MrW From Script trigger

Schreibe Änderung Datens./Abfrage [ Mit Dialog: OFF ]
Fenster aktualisieren
Script ausführen [ Aus Liste ; "Change Palette" ]
