---
source: src/main.rs
expression: output_content
---
<Script id="30" name="Accounts">
	<UUID modifications="2" userName="Mislav" accountName="admin" timestamp="2025-06-20T18:24:25">5D8583E9-201F-4B93-9A84-4991B1A8A837</UUID>
	<Options hidden="False" access="ReadWrite" SiriShortcutVisible="False" runwithfullaccess="False" compatibility="0">0</Options>
	<TagList></TagList>
</Script>
