---
source: src/main.rs
expression: output_content
---
<Relationship id="53">
	<UUID modifications="2" userName="R.Watson" accountName="admin" timestamp="2020-08-04T09:52:12">44ACCFE5-8772-4AF7-9D05-08C4342AC739</UUID>
	<LeftTable cascadeCreate="False" cascadeDelete="False" type="Local">
		<TableOccurrenceReference id="1065123" name="_Home" UUID="DED63781-79A4-481F-93A7-15FB9149DCD6"></TableOccurrenceReference>
		<SortSpecification value="False" maintain="True"></SortSpecification>
	</LeftTable>
	<RightTable cascadeCreate="True" cascadeDelete="False" type="Local">
		<TableOccurrenceReference id="1065158" name="Home.Syntax_Dynamic4" UUID="82482622-4DEA-481D-866F-ACDB8697E8B4"></TableOccurrenceReference>
		<SortSpecification value="False" maintain="True"></SortSpecification>
	</RightTable>
	<JoinPredicateList membercount="1">
		<JoinPredicate type="Equal">
			<LeftField>
				<FieldReference id="43" name="_gDynamic4Comment" UUID="0031826A-16FD-4483-AAA5-A709EF84420D">
					<TableOccurrenceReference id="1065123" name="_Home" UUID="DED63781-79A4-481F-93A7-15FB9149DCD6"></TableOccurrenceReference>
				</FieldReference>
			</LeftField>
			<RightField>
				<FieldReference id="18" name="Comment" UUID="B6980B5E-3287-49E2-B32D-EA87F7F6DA8F">
					<TableOccurrenceReference id="1065158" name="Home.Syntax_Dynamic4" UUID="82482622-4DEA-481D-866F-ACDB8697E8B4"></TableOccurrenceReference>
				</FieldReference>
			</RightField>
		</JoinPredicate>
	</JoinPredicateList>
	<TagList></TagList>
</Relationship>
