---
source: src/tests.rs
expression: output_content
---
<Script id="175" name="--" isFolder="Marker">
	<UUID modifications="2" userName="R.Watson" accountName="admin" timestamp="2020-08-04T09:52:12">26D0A299-6786-4C56-98DD-9463F6C85DE7</UUID>
	<Options hidden="False" access="ReadWrite" SiriShortcutVisible="False" runwithfullaccess="False" compatibility="0">2</Options>
	<TagList></TagList>
</Script>
