---
source: src/main.rs
expression: output_content
---
# These script steps werre introduced in FileMaker 13
Von Gerät einfügen [ Original ]
# Command ID 162 <unknown>
# Command ID 163 <unknown>
Script auf Server ausführen [ Aus Liste ; ⚠️ PARAMETER "Parameter" NOT PARSED ⚠️ ; Auf Beendigung warten: ON ]
Designs verwalten
Menüleiste ein-/ausblenden [ Umschalten ; Fixieren: OFF ]
Objekt aktualisieren []
Layoutobjekt-Animation festlegen [ ON ]
Popover schließen
# Command ID 170 <unknown>
# Command ID 171 <unknown>
Auf Host hochladen
# Command 173 => see NEXT
