---
source: src/main.rs
expression: output_content
---
<Layout id="4" name="--" isFolder="Marker">
	<UUID modifications="1" userName="Mislav" accountName="Admin" timestamp="2025-05-30T18:42:39">AE3BCD7A-9B1D-49AE-95DC-41B6ABB27083</UUID>
	<TagList></TagList>
	<GridStyle>
		<Color red="0.500000" green="0.500000" blue="0.500000" alpha="1.000000"></Color>
		<Style>5</Style>
	</GridStyle>
	<ClientType>0</ClientType>
	<Options hidden="False">64440436737</Options>
	<MenuSet>
		<CustomMenuSetReference id="0" name="[File Default]" UUID=""></CustomMenuSetReference>
	</MenuSet>
</Layout>
