---
source: src/tests.rs
expression: output_content
---
<Script id="144" name="MBS_SetSyntaxColoringEnabledStatus">
	<UUID modifications="30" userName="R.Watson" accountName="admin" timestamp="2020-08-04T09:52:12">D299CE28-B478-4C60-BBAC-82515F75465D</UUID>
	<Options hidden="True" access="ReadWrite" SiriShortcutVisible="False" runwithfullaccess="False" compatibility="0">8</Options>
	<TagList></TagList>
</Script>
