---
source: src/main.rs
expression: output_content
---
<CustomFunction id="6" name="_IsKeyCAPS" access="All">
	<UUID modifications="5" userName="R.Watson" accountName="admin" timestamp="2020-08-04T09:52:12">04F1BF39-DD32-4612-8450-89C500CA5576</UUID>
	<Display>_IsKeyCAPS</Display>
</CustomFunction>
