---
source: src/main.rs
expression: output_content
---
<Script>
	<ScriptReference id="151" name="Update FileMaker Pro and FileMaker Go Session Timeout" UUID="7E913F98-12B6-4A58-9B9A-CF01FEF3A37F"></ScriptReference>
	<ObjectList membercount="33">
		<Step index="0" id="89" name="# (Kommentar)" enable="True">
			<UUID>71A371A3-412A-414A-B3E8-D4FB532DA2A7</UUID>
			<OwnerID></OwnerID>
			<Options>4</Options>
			<ParameterValues membercount="1">
				<Parameter type="Comment">
					<Comment value=" PURPOSE: Update FileMaker Pro and FileMaker Go Session Timeout"></Comment>
				</Parameter>
			</ParameterValues>
		</Step>
		<Step index="1" id="89" name="# (Kommentar)" enable="True">
			<UUID>8DB6FBB6-61D1-446C-860A-E684E5DEAB5C</UUID>
			<OwnerID></OwnerID>
			<Options>4</Options>
			<ParameterValues membercount="1">
				<Parameter type="Comment">
					<Comment value=" HISTORY:&#13;   - Created:   2018-05-09 by Mike Duncan (mduncan@soliantconsulting.com)&#13;   - Modified:  2019-04-23 by Mike Duncan, update to v2 admin api"></Comment>
				</Parameter>
			</ParameterValues>
		</Step>
		<Step index="2" id="89" name="# (Kommentar)" enable="True">
			<UUID>E81732B1-2BD7-4BE3-A2A6-066B2BD5D140</UUID>
			<OwnerID></OwnerID>
			<Options>0</Options>
			<ParameterValues membercount="1">
				<Parameter type="Comment">
					<Comment></Comment>
				</Parameter>
			</ParameterValues>
		</Step>
		<Step index="3" id="85" name="AnwenderAbbruchZulassen setzen" enable="True">
			<UUID>6B421C36-71B4-4DBD-B14B-F9E0C13E32A0</UUID>
			<OwnerID></OwnerID>
			<Options>196608</Options>
			<ParameterValues membercount="1">
				<Parameter type="Boolean">
					<Boolean id="131072" value="True"></Boolean>
				</Parameter>
			</ParameterValues>
		</Step>
		<Step index="4" id="86" name="Fehleraufzeichnung setzen" enable="True">
			<UUID>9F4AD967-43AA-4173-AA6F-470B610F78A2</UUID>
			<OwnerID></OwnerID>
			<Options>196608</Options>
			<ParameterValues membercount="1">
				<Parameter type="Boolean">
					<Boolean id="131072" value="True"></Boolean>
				</Parameter>
			</ParameterValues>
		</Step>
		<Step index="5" id="141" name="Variable setzen" enable="True">
			<UUID>D4503A55-2DCF-49AC-BA04-BA7CF74B09F8</UUID>
			<OwnerID></OwnerID>
			<Options>16388</Options>
			<ParameterValues membercount="1">
				<Parameter type="Variable">
					<value>
						<Calculation datatype="1" position="1">
							<Calculation>
								<Text><![CDATA[0]]></Text>
								<ChunkList hash="9BF55A5D51230A8EA20D4BAA0F468EEC">
									<Chunk type="NoRef">0</Chunk>
								</ChunkList>
							</Calculation>
						</Calculation>
					</value>
					<Name value="$error"></Name>
					<repetition></repetition>
				</Parameter>
			</ParameterValues>
		</Step>
		<Step index="6" id="89" name="# (Kommentar)" enable="True">
			<UUID>6E4F4AA8-7C11-496E-BB29-C23B56AB132D</UUID>
			<OwnerID></OwnerID>
			<Options>0</Options>
			<ParameterValues membercount="1">
				<Parameter type="Comment">
					<Comment></Comment>
				</Parameter>
			</ParameterValues>
		</Step>
		<Step index="7" id="89" name="# (Kommentar)" enable="True">
			<UUID>36987C31-FCA8-4E3D-B7BB-39EF95FBECF0</UUID>
			<OwnerID></OwnerID>
			<Options>4</Options>
			<ParameterValues membercount="1">
				<Parameter type="Comment">
					<Comment value="-------------------------------------------------------------"></Comment>
				</Parameter>
			</ParameterValues>
		</Step>
		<Step index="8" id="89" name="# (Kommentar)" enable="True">
			<UUID>FF4F0C74-2D1E-4F23-83D9-DD779D28FAAD</UUID>
			<OwnerID></OwnerID>
			<Options>4</Options>
			<ParameterValues membercount="1">
				<Parameter type="Comment">
					<Comment value=" SET-UP"></Comment>
				</Parameter>
			</ParameterValues>
		</Step>
		<Step index="9" id="89" name="# (Kommentar)" enable="True">
			<UUID>30BA25B6-6296-4C0C-9021-A5909F4F8F23</UUID>
			<OwnerID></OwnerID>
			<Options>4</Options>
			<ParameterValues membercount="1">
				<Parameter type="Comment">
					<Comment value="-------------------------------------------------------------"></Comment>
				</Parameter>
			</ParameterValues>
		</Step>
		<Step index="10" id="1" name="Script ausfÃ¼hren" enable="True">
			<UUID>12DFDFB3-F06A-4B8E-A7B0-3B9A7E223803</UUID>
			<OwnerID></OwnerID>
			<Options>64</Options>
			<ParameterValues membercount="2">
				<Parameter type="List">
					<List name="Aus Liste" value="1">
						<ScriptReference id="35" name="Set Config" UUID="6E806D84-9200-44AE-B032-89A6016326FF"></ScriptReference>
					</List>
				</Parameter>
				<Parameter type="Parameter">
					<Parameter></Parameter>
				</Parameter>
			</ParameterValues>
		</Step>
		<Step index="11" id="141" name="Variable setzen" enable="True">
			<UUID>A3B99543-3F01-42EB-8767-8FEE94E58C56</UUID>
			<OwnerID></OwnerID>
			<Options>16388</Options>
			<ParameterValues membercount="1">
				<Parameter type="Variable">
					<value>
						<Calculation datatype="1" position="1">
							<Calculation>
								<Text><![CDATA["/fmclients/sessiontimeout/progo"]]></Text>
								<ChunkList hash="4C69754A11CC30F4F2A4EE1E8A832D9F">
									<Chunk type="NoRef">&quot;/fmclients/sessiontimeout/progo&quot;</Chunk>
								</ChunkList>
							</Calculation>
						</Calculation>
					</value>
					<Name value="$endpoint"></Name>
					<repetition></repetition>
				</Parameter>
			</ParameterValues>
		</Step>
		<Step index="12" id="141" name="Variable setzen" enable="True">
			<UUID>4C9BAC3D-A3D7-47C6-9EB9-F27C4FF98745</UUID>
			<OwnerID></OwnerID>
			<Options>16388</Options>
			<ParameterValues membercount="1">
				<Parameter type="Variable">
					<value>
						<Calculation datatype="1" position="1">
							<Calculation>
								<Text><![CDATA[JSONSetElement ( "" ;[ "enableProGoTimeout"; FMS__fmserver::enableProGoTimeout ; JSONBoolean ] ;[ "sessionTimeout"; FMS__fmserver::sessionTimeout_progo ; JSONNumber ])]]></Text>
								<ChunkList hash="A7204E2570AC907973528E9256C92518">
									<Chunk type="FunctionRef">JSONSetElement</Chunk>
									<Chunk type="NoRef"> ( &quot;&quot;&#13; ;[ &quot;enableProGoTimeout&quot;; </Chunk>
									<Chunk type="FieldRef">
										<FieldReference id="149" name="enableProGoTimeout" repetition="1" UUID="CA5B2875-FA57-4761-A66A-B783BE8F0E7C">
											<TableOccurrenceReference id="1065089" name="FMS__fmserver" UUID="597569C5-24CD-486D-84D6-D79B9D3BDD5B"></TableOccurrenceReference>
										</FieldReference>
									</Chunk>
									<Chunk type="NoRef"> ; </Chunk>
									<Chunk type="FunctionRef">JSONBoolean</Chunk>
									<Chunk type="NoRef"> ]&#13; ;[ &quot;sessionTimeout&quot;; </Chunk>
									<Chunk type="FieldRef">
										<FieldReference id="150" name="sessionTimeout_progo" repetition="1" UUID="C416306F-4DD8-47AC-BCDD-1F7AC8443795">
											<TableOccurrenceReference id="1065089" name="FMS__fmserver" UUID="597569C5-24CD-486D-84D6-D79B9D3BDD5B"></TableOccurrenceReference>
										</FieldReference>
									</Chunk>
									<Chunk type="NoRef"> ; </Chunk>
									<Chunk type="FunctionRef">JSONNumber</Chunk>
									<Chunk type="NoRef"> ]&#13;)</Chunk>
								</ChunkList>
							</Calculation>
						</Calculation>
					</value>
					<Name value="$json"></Name>
					<repetition></repetition>
				</Parameter>
			</ParameterValues>
		</Step>
		<Step index="13" id="141" name="Variable setzen" enable="True">
			<UUID>41AE8915-C655-4630-9DF2-11D274A8646D</UUID>
			<OwnerID></OwnerID>
			<Options>16388</Options>
			<ParameterValues membercount="1">
				<Parameter type="Variable">
					<value>
						<Calculation datatype="1" position="1">
							<Calculation>
								<Text><![CDATA[" --request PATCH" &" --header \"Authorization: Bearer " & $$my.token & "\"" &" --header \"Content-Type: application/json\"" &" --data @$json" &" --dump-header $$my.headers"]]></Text>
								<ChunkList hash="6647F483744AACEB16B9320A2A818240">
									<Chunk type="NoRef">&quot; --request PATCH&quot; &amp;&#13;&quot; --header \&quot;Authorization: Bearer &quot; &amp; </Chunk>
									<Chunk type="VariableReference">$$my.token</Chunk>
									<Chunk type="NoRef"> &amp; &quot;\&quot;&quot; &amp;&#13;&quot; --header \&quot;Content-Type: application/json\&quot;&quot; &amp;&#13;&quot; --data @$json&quot; &amp;&#13;&quot; --dump-header $$my.headers&quot;</Chunk>
								</ChunkList>
							</Calculation>
						</Calculation>
					</value>
					<Name value="$curloptions"></Name>
					<repetition></repetition>
				</Parameter>
			</ParameterValues>
		</Step>
		<Step index="14" id="89" name="# (Kommentar)" enable="True">
			<UUID>0A5A7E7D-2B86-4301-81A8-4CE13F9B6E46</UUID>
			<OwnerID></OwnerID>
			<Options>4</Options>
			<ParameterValues membercount="1">
				<Parameter type="Comment">
					<Comment value="set api update variable"></Comment>
				</Parameter>
			</ParameterValues>
		</Step>
		<Step index="15" id="141" name="Variable setzen" enable="True">
			<UUID>80924E62-5065-4C4D-B270-661E7B58150E</UUID>
			<OwnerID></OwnerID>
			<Options>16388</Options>
			<ParameterValues membercount="1">
				<Parameter type="Variable">
					<value>
						<Calculation datatype="1" position="1">
							<Calculation>
								<Text><![CDATA["1"]]></Text>
								<ChunkList hash="E42599A078EF5CBB8E2C8EC3C24F3514">
									<Chunk type="NoRef">&quot;1&quot;</Chunk>
								</ChunkList>
							</Calculation>
						</Calculation>
					</value>
					<Name value="$$API.UPDATE"></Name>
					<repetition></repetition>
				</Parameter>
			</ParameterValues>
		</Step>
		<Step index="16" id="89" name="# (Kommentar)" enable="True">
			<UUID>4BF24233-3F51-4951-87F2-4411DDD65D10</UUID>
			<OwnerID></OwnerID>
			<Options>0</Options>
			<ParameterValues membercount="1">
				<Parameter type="Comment">
					<Comment></Comment>
				</Parameter>
			</ParameterValues>
		</Step>
		<Step index="17" id="89" name="# (Kommentar)" enable="True">
			<UUID>2F73CECB-C825-4841-844C-C6C785241CCE</UUID>
			<OwnerID></OwnerID>
			<Options>4</Options>
			<ParameterValues membercount="1">
				<Parameter type="Comment">
					<Comment value="-------------------------------------------------------------"></Comment>
				</Parameter>
			</ParameterValues>
		</Step>
		<Step index="18" id="89" name="# (Kommentar)" enable="True">
			<UUID>4CE85DC1-0503-47E0-865E-EA1148AC814F</UUID>
			<OwnerID></OwnerID>
			<Options>4</Options>
			<ParameterValues membercount="1">
				<Parameter type="Comment">
					<Comment value=" PROCESS"></Comment>
				</Parameter>
			</ParameterValues>
		</Step>
		<Step index="19" id="89" name="# (Kommentar)" enable="True">
			<UUID>B43FCBD4-CAFC-4819-860D-F66C42B24193</UUID>
			<OwnerID></OwnerID>
			<Options>4</Options>
			<ParameterValues membercount="1">
				<Parameter type="Comment">
					<Comment value="-------------------------------------------------------------"></Comment>
				</Parameter>
			</ParameterValues>
		</Step>
		<Step index="20" id="160" name="Aus URL einfÃ¼gen" enable="True">
			<UUID>2954BBD4-EAFE-46E8-92BA-A8106E8C60CC</UUID>
			<OwnerID></OwnerID>
			<Options>20613</Options>
			<ParameterValues membercount="6">
				<Parameter type="Boolean">
					<Boolean type="SSL-Zertifikate verifizieren" id="268435456" value="False"></Boolean>
				</Parameter>
				<Parameter type="Boolean">
					<Boolean type="Auswahl" id="4096" value="True"></Boolean>
				</Parameter>
				<Parameter type="Boolean">
					<Boolean type="Mit Dialog" id="128" value="False"></Boolean>
				</Parameter>
				<Parameter type="Target">
					<Variable value="$$my.result">
						<repetition value="1"></repetition>
					</Variable>
				</Parameter>
				<Parameter type="URL">
					<URL autoEncode="True">
						<Calculation datatype="1" position="0">
							<Calculation>
								<Text><![CDATA[$$server & $endpoint]]></Text>
								<ChunkList hash="9EA92AEF077FA44AE68308694556F8CB">
									<Chunk type="VariableReference">$$server</Chunk>
									<Chunk type="NoRef"> &amp; </Chunk>
									<Chunk type="VariableReference">$endpoint</Chunk>
								</ChunkList>
							</Calculation>
						</Calculation>
					</URL>
				</Parameter>
				<Parameter type="Calculation">
					<Calculation datatype="1" position="1">
						<Calculation>
							<Text><![CDATA[$curloptions]]></Text>
							<ChunkList hash="205B4DA1BAD160DEDA31FE70167BBA78">
								<Chunk type="VariableReference">$curloptions</Chunk>
							</ChunkList>
						</Calculation>
					</Calculation>
				</Parameter>
			</ParameterValues>
		</Step>
		<Step index="21" id="1" name="Script ausfÃ¼hren" enable="True">
			<UUID>DB74DC4C-A043-4C2E-B53B-5E93CF53F224</UUID>
			<OwnerID></OwnerID>
			<Options>64</Options>
			<ParameterValues membercount="2">
				<Parameter type="List">
					<List name="Aus Liste" value="1">
						<ScriptReference id="31" name="Handle response" UUID="44FA18ED-6DEA-4F32-BDDB-09F438F6D005"></ScriptReference>
					</List>
				</Parameter>
				<Parameter type="Parameter">
					<Parameter></Parameter>
				</Parameter>
			</ParameterValues>
		</Step>
		<Step index="22" id="89" name="# (Kommentar)" enable="True">
			<UUID>413A210A-BD54-4E50-A709-05BBB9EE102B</UUID>
			<OwnerID></OwnerID>
			<Options>0</Options>
			<ParameterValues membercount="1">
				<Parameter type="Comment">
					<Comment></Comment>
				</Parameter>
			</ParameterValues>
		</Step>
		<Step index="23" id="89" name="# (Kommentar)" enable="True">
			<UUID>8A615C41-3E85-43F5-9024-E5597E43139F</UUID>
			<OwnerID></OwnerID>
			<Options>4</Options>
			<ParameterValues membercount="1">
				<Parameter type="Comment">
					<Comment value="-------------------------------------------------------------"></Comment>
				</Parameter>
			</ParameterValues>
		</Step>
		<Step index="24" id="89" name="# (Kommentar)" enable="True">
			<UUID>94EF5C36-5431-4894-83E0-68DA1DD9FD28</UUID>
			<OwnerID></OwnerID>
			<Options>4</Options>
			<ParameterValues membercount="1">
				<Parameter type="Comment">
					<Comment value=" CLEAN UP"></Comment>
				</Parameter>
			</ParameterValues>
		</Step>
		<Step index="25" id="89" name="# (Kommentar)" enable="True">
			<UUID>22D2F341-8104-4C1E-9741-16F2C0D4C25E</UUID>
			<OwnerID></OwnerID>
			<Options>4</Options>
			<ParameterValues membercount="1">
				<Parameter type="Comment">
					<Comment value="-------------------------------------------------------------"></Comment>
				</Parameter>
			</ParameterValues>
		</Step>
		<Step index="26" id="68" name="Wenn" enable="True">
			<UUID>A0E1508E-EF12-4073-83A5-110F5064D7A9</UUID>
			<OwnerID></OwnerID>
			<Options>16384</Options>
			<ParameterValues membercount="1">
				<Parameter type="Calculation">
					<Calculation datatype="7" position="0">
						<Calculation>
							<Text><![CDATA[$error = 0]]></Text>
							<ChunkList hash="CE3C173E2CD2554CBB236CEE7C56CBB6">
								<Chunk type="VariableReference">$error</Chunk>
								<Chunk type="NoRef"> = 0</Chunk>
							</ChunkList>
						</Calculation>
					</Calculation>
				</Parameter>
			</ParameterValues>
		</Step>
		<Step index="27" id="89" name="# (Kommentar)" enable="True">
			<UUID>58069074-9519-430D-A600-69796D522B90</UUID>
			<OwnerID></OwnerID>
			<Options>4</Options>
			<ParameterValues membercount="1">
				<Parameter type="Comment">
					<Comment value=" set to exit true if you do not need to pass an error"></Comment>
				</Parameter>
			</ParameterValues>
		</Step>
		<Step index="28" id="141" name="Variable setzen" enable="True">
			<UUID>CA84533C-D13D-4D8C-B95B-4E88DE6EE9F0</UUID>
			<OwnerID></OwnerID>
			<Options>16388</Options>
			<ParameterValues membercount="1">
				<Parameter type="Variable">
					<value>
						<Calculation datatype="1" position="1">
							<Calculation>
								<Text><![CDATA[1 // exit true]]></Text>
								<ChunkList hash="DC134DF247804ECF23193E2024A59A1B">
									<Chunk type="NoRef">1 // exit true</Chunk>
								</ChunkList>
							</Calculation>
						</Calculation>
					</value>
					<Name value="$error"></Name>
					<repetition></repetition>
				</Parameter>
			</ParameterValues>
		</Step>
		<Step index="29" id="70" name="Ende (wenn)" enable="True">
			<UUID>6CBDF4C2-6F0D-49FC-9E18-1E60196C204B</UUID>
			<OwnerID></OwnerID>
			<Options>0</Options>
		</Step>
		<Step index="30" id="89" name="# (Kommentar)" enable="True">
			<UUID>45607ADB-478F-4A35-A395-3B957506EB9D</UUID>
			<OwnerID></OwnerID>
			<Options>0</Options>
			<ParameterValues membercount="1">
				<Parameter type="Comment">
					<Comment></Comment>
				</Parameter>
			</ParameterValues>
		</Step>
		<Step index="31" id="103" name="Aktuelles Script verlassen" enable="True">
			<UUID>8C61FEF8-E21D-4C9E-BEA2-3399D7FF9AAD</UUID>
			<OwnerID></OwnerID>
			<Options>16384</Options>
			<ParameterValues membercount="1">
				<Parameter type="Calculation">
					<Calculation datatype="1" position="0">
						<Calculation>
							<Text><![CDATA[$error]]></Text>
							<ChunkList hash="926F59D0E89012933FB1C2137ABF78F1">
								<Chunk type="VariableReference">$error</Chunk>
							</ChunkList>
						</Calculation>
					</Calculation>
				</Parameter>
			</ParameterValues>
		</Step>
		<Step index="32" id="89" name="# (Kommentar)" enable="True">
			<UUID>C64F52C0-36D3-43D8-AB07-538A9C2A00C4</UUID>
			<OwnerID></OwnerID>
			<Options>0</Options>
			<ParameterValues membercount="1">
				<Parameter type="Comment">
					<Comment></Comment>
				</Parameter>
			</ParameterValues>
		</Step>
	</ObjectList>
</Script>
