---
source: src/main.rs
expression: output_content
---
<Script>
	<ScriptReference id="164" name="fm14 script steps"></ScriptReference>
	<ObjectList membercount="11">
		<Step id="89" name="# (Kommentar)" enable="True">
			<Options>4</Options>
			<ParameterValues membercount="1">
				<Parameter type="Comment">
					<Comment value="These script steps werre introduced in FileMaker 14"></Comment>
				</Parameter>
			</ParameterValues>
		</Step>
		<Step id="89" name="# (Kommentar)" enable="True">
			<Options>4</Options>
			<ParameterValues membercount="1">
				<Parameter type="Comment">
					<Comment value="Command 173 &lt;unknown&gt;"></Comment>
				</Parameter>
			</ParameterValues>
		</Step>
		<Step id="174" name="Touch-Tastatur aktivieren" enable="True">
			<ParameterValues membercount="1">
				<Parameter type="List">
					<List name="" value="0"></List>
				</Parameter>
			</ParameterValues>
		</Step>
		<Step id="89" name="# (Kommentar)" enable="True">
			<Options>4</Options>
			<ParameterValues membercount="1">
				<Parameter type="Comment">
					<Comment value="Command 175 OBSOLETE"></Comment>
				</Parameter>
			</ParameterValues>
		</Step>
		<Step id="176" name="ZulÃ¤ssige Ausrichtungen festlegen" enable="True">
		</Step>
		<Step id="177" name="AVPlayer - Wiedergabe" enable="True">
			<ParameterValues membercount="1">
				<Parameter type="Source">
					<Source type="LayoutObject">
						<Name></Name>
						<repetition></repetition>
					</Source>
				</Parameter>
			</ParameterValues>
		</Step>
		<Step id="178" name="AVPlayer-Wiedergabestatus festlegen" enable="True">
			<ParameterValues membercount="1">
				<Parameter type="List">
					<List name="Gestoppt" value="0"></List>
				</Parameter>
			</ParameterValues>
		</Step>
		<Step id="179" name="AVPlayer - Optionen festlegen" enable="True">
		</Step>
		<Step id="180" name="Ausschnitt aktualisieren" enable="True">
			<ParameterValues membercount="1">
				<Parameter type="Object">
					<Name></Name>
				</Parameter>
			</ParameterValues>
		</Step>
		<Step id="181" name="Ordnerpfad holen" enable="True">
			<ParameterValues membercount="2">
				<Parameter type="Boolean">
					<Boolean type="Ordnererstellung zulassen" id="256" value="False"></Boolean>
				</Parameter>
				<Parameter type="Variable">
					<value></value>
					<Name value=""></Name>
					<repetition></repetition>
				</Parameter>
			</ParameterValues>
		</Step>
		<Step id="89" name="# (Kommentar)" enable="True">
			<Options>4</Options>
			<ParameterValues membercount="1">
				<Parameter type="Comment">
					<Comment value="Command 182 =&gt; see NEXT"></Comment>
				</Parameter>
			</ParameterValues>
		</Step>
	</ObjectList>
</Script>
