---
source: src/main.rs
expression: output_content
---
# Design function - FieldStyle
Eigenes Dialogfeld anzeigen [ ⚠️ PARAMETER "Message" NOT PARSED ⚠️ ; ⚠️ PARAMETER "Button1" NOT PARSED ⚠️ ; ⚠️ PARAMETER "Button2" NOT PARSED ⚠️ ; ⚠️ PARAMETER "Button3" NOT PARSED ⚠️ ]

# TODO
