---
source: src/tests.rs
expression: output_content
---
<Layout id="8" name="-" width="1024" isSeparatorItem="True">
	<TableOccurrenceReference id="1065090" name="SCH__schedules" UUID="3024C5C8-A7CC-4A36-8183-9C7FD817F785"></TableOccurrenceReference>
	<LayoutThemeReference id="1" name="com.filemaker.theme.enlightened" UUID="8D7F7256-0C83-4D42-BEE6-EAF9ED402C9A" Base="com.filemaker.theme.minimalist"></LayoutThemeReference>
	<PartsList membercount="3">
		<Part type="Kopfbereich" kind="1">
			<Definition type="Kopfbereich" kind="1" size="50" absolute="0" Options="0"></Definition>
		</Part>
		<Part type="Datenbereich" kind="4">
			<Definition type="Datenbereich" kind="4" size="482" absolute="50" Options="0"></Definition>
		</Part>
		<Part type="Fußbereich" kind="7">
			<Definition type="Fußbereich" kind="7" size="40" absolute="532" Options="0"></Definition>
		</Part>
	</PartsList>
	<UUID modifications="5" userName="Malte Bastian" accountName="Admin" timestamp="2024-02-18T17:38:30">B55B474B-3782-446D-8BB5-ED2089EFEAEF</UUID>
	<TagList></TagList>
	<ClientType>0</ClientType>
	<Options hidden="True">15927297</Options>
</Layout>
