---
source: src/main.rs
expression: output_content
---
<CustomFunctionCalc>
	<CustomFunctionReference id="7" name="MyCustomFunctionParentFolder"></CustomFunctionReference>
</CustomFunctionCalc>
