---
source: src/tests.rs
expression: output_content
---
<Relationship id="31">
	<UUID modifications="6" userName="R.Watson" accountName="admin" timestamp="2020-08-04T09:52:12">52FEACEB-1DEE-498E-9667-408177140197</UUID>
	<LeftTable cascadeCreate="False" cascadeDelete="False" type="Local">
		<TableOccurrenceReference id="1065112" name="_Color" UUID="23B6D95D-F37E-4E21-A3C9-2DE12699CBF9"></TableOccurrenceReference>
		<SortSpecification value="False" maintain="True"></SortSpecification>
	</LeftTable>
	<RightTable cascadeCreate="False" cascadeDelete="False" type="Local">
		<TableOccurrenceReference id="1065134" name="Color.Syntax" UUID="8717976F-51BF-401C-8696-A038B9D3BCD5"></TableOccurrenceReference>
		<SortSpecification value="False" maintain="True"></SortSpecification>
	</RightTable>
	<JoinPredicateList membercount="2">
		<JoinPredicate type="Equal">
			<LeftField>
				<FieldReference id="2" name="ColorName" UUID="8FC76B3A-7EF0-4407-83C9-105FC77E4592">
					<TableOccurrenceReference id="1065112" name="_Color" UUID="23B6D95D-F37E-4E21-A3C9-2DE12699CBF9"></TableOccurrenceReference>
				</FieldReference>
			</LeftField>
			<RightField>
				<FieldReference id="3" name="ColorName" UUID="00BC94EB-C8CE-4FC7-AEF7-F4A5BA2BB77D">
					<TableOccurrenceReference id="1065134" name="Color.Syntax" UUID="8717976F-51BF-401C-8696-A038B9D3BCD5"></TableOccurrenceReference>
				</FieldReference>
			</RightField>
		</JoinPredicate>
		<JoinPredicate type="Equal">
			<LeftField>
				<FieldReference id="14" name="PaletteType" UUID="212B8754-E335-43EC-88DB-8AAD6B19FD4B">
					<TableOccurrenceReference id="1065112" name="_Color" UUID="23B6D95D-F37E-4E21-A3C9-2DE12699CBF9"></TableOccurrenceReference>
				</FieldReference>
			</LeftField>
			<RightField>
				<FieldReference id="22" name="_kPaletteType" UUID="F3E7B306-A4D9-48B7-8C89-1B74DAA03AEC">
					<TableOccurrenceReference id="1065134" name="Color.Syntax" UUID="8717976F-51BF-401C-8696-A038B9D3BCD5"></TableOccurrenceReference>
				</FieldReference>
			</RightField>
		</JoinPredicate>
	</JoinPredicateList>
	<TagList></TagList>
</Relationship>
