---
source: src/main.rs
expression: output_content
---
<Script>
	<ScriptReference id="36" name="OnLastWindowClose"></ScriptReference>
	<ObjectList membercount="20">
		<Step id="89" name="# (Kommentar)" enable="True">
			<ParameterValues membercount="1">
				<Parameter type="Comment">
					<Comment></Comment>
				</Parameter>
			</ParameterValues>
		</Step>
		<Step id="89" name="# (Kommentar)" enable="True">
			<Options>4</Options>
			<ParameterValues membercount="1">
				<Parameter type="Comment">
					<Comment value="20121102 MrW Foreign Commands aufräumen"></Comment>
				</Parameter>
			</ParameterValues>
		</Step>
		<Step id="89" name="# (Kommentar)" enable="True">
			<Options>4</Options>
			<ParameterValues membercount="1">
				<Parameter type="Comment">
					<Comment value="20120106 MrW"></Comment>
				</Parameter>
			</ParameterValues>
		</Step>
		<Step id="89" name="# (Kommentar)" enable="True">
			<ParameterValues membercount="1">
				<Parameter type="Comment">
					<Comment></Comment>
				</Parameter>
			</ParameterValues>
		</Step>
		<Step id="86" name="Fehleraufzeichnung setzen" enable="True">
			<Options>196608</Options>
			<ParameterValues membercount="1">
				<Parameter type="Boolean">
					<Boolean id="131072" value="True"></Boolean>
				</Parameter>
			</ParameterValues>
		</Step>
		<Step id="85" name="AnwenderAbbruchZulassen setzen" enable="True">
			<Options>65536</Options>
			<ParameterValues membercount="1">
				<Parameter type="Boolean">
					<Boolean id="131072" value="False"></Boolean>
				</Parameter>
			</ParameterValues>
		</Step>
		<Step id="89" name="# (Kommentar)" enable="True">
			<ParameterValues membercount="1">
				<Parameter type="Comment">
					<Comment></Comment>
				</Parameter>
			</ParameterValues>
		</Step>
		<Step id="89" name="# (Kommentar)" enable="True">
			<Options>4</Options>
			<ParameterValues membercount="1">
				<Parameter type="Comment">
					<Comment value="Script settings"></Comment>
				</Parameter>
			</ParameterValues>
		</Step>
		<Step id="141" name="Variable setzen" enable="True">
			<Options>16388</Options>
			<ParameterValues membercount="1">
				<Parameter type="Variable">
					<value>
						<Calculation datatype="1" position="1">
							<Calculation>
								<Text><![CDATA["fmWorkMate"]]></Text>
								<ChunkList hash="9A041CE0B6121569505A07EBA66AF57E">
									<Chunk type="NoRef">&quot;fmWorkMate&quot;</Chunk>
								</ChunkList>
							</Calculation>
						</Calculation>
					</value>
					<Name value="$ToolsWindowName"></Name>
					<repetition></repetition>
				</Parameter>
			</ParameterValues>
		</Step>
		<Step id="89" name="# (Kommentar)" enable="True">
			<ParameterValues membercount="1">
				<Parameter type="Comment">
					<Comment></Comment>
				</Parameter>
			</ParameterValues>
		</Step>
		<Step id="79" name="Fenster fixieren" enable="True">
		</Step>
		<Step id="1" name="Script ausführen" enable="True">
			<Options>64</Options>
			<ParameterValues membercount="2">
				<Parameter type="List">
					<List name="Aus Liste" value="1">
						<ScriptReference id="112" name="Delete orphaned and empty GUI-Syntax entries"></ScriptReference>
					</List>
				</Parameter>
				<Parameter type="Parameter">
					<Parameter></Parameter>
				</Parameter>
			</ParameterValues>
		</Step>
		<Step id="89" name="# (Kommentar)" enable="True">
			<ParameterValues membercount="1">
				<Parameter type="Comment">
					<Comment></Comment>
				</Parameter>
			</ParameterValues>
		</Step>
		<Step id="55" name="Blätternmodus aktivieren" enable="True">
			<ParameterValues membercount="1">
				<Parameter type="Boolean">
					<Boolean type="Pause" id="16777216" value="False"></Boolean>
				</Parameter>
			</ParameterValues>
		</Step>
		<Step id="6" name="Gehe zu Layout" enable="True">
			<Options>10</Options>
			<ParameterValues membercount="2">
				<Parameter type="LayoutReferenceContainer">
					<LayoutReferenceContainer value="5">
						<LayoutReference id="9" name="Home"></LayoutReference>
					</LayoutReferenceContainer>
				</Parameter>
				<Parameter type="Animation">
					<Animation name="Ohne" value="0"></Animation>
				</Parameter>
			</ParameterValues>
		</Step>
		<Step id="89" name="# (Kommentar)" enable="True">
			<ParameterValues membercount="1">
				<Parameter type="Comment">
					<Comment></Comment>
				</Parameter>
			</ParameterValues>
		</Step>
		<Step id="68" name="Wenn" enable="True">
			<Options>16384</Options>
			<ParameterValues membercount="1">
				<Parameter type="Calculation">
					<Calculation datatype="7" position="0">
						<Calculation>
							<Text><![CDATA[NICHT IstLeer( FilterElemente( Fensternamen ; $ToolsWindowName ) )]]></Text>
							<ChunkList hash="39329362DD3CEFB2A90EC732A50F9E7A">
								<Chunk type="FunctionRef">NICHT</Chunk>
								<Chunk type="NoRef"> </Chunk>
								<Chunk type="FunctionRef">IstLeer</Chunk>
								<Chunk type="NoRef">( </Chunk>
								<Chunk type="FunctionRef">FilterElemente</Chunk>
								<Chunk type="NoRef">( </Chunk>
								<Chunk type="FunctionRef">Fensternamen</Chunk>
								<Chunk type="NoRef"> ; </Chunk>
								<Chunk type="VariableReference">$ToolsWindowName</Chunk>
								<Chunk type="NoRef"> ) )</Chunk>
							</ChunkList>
						</Calculation>
					</Calculation>
				</Parameter>
			</ParameterValues>
		</Step>
		<Step id="123" name="Fenster aktivieren" enable="True">
			<Options>16386</Options>
			<ParameterValues membercount="1">
				<Parameter type="WindowReference">
					<WindowReference>
						<Select kind="1" type="Calculated">
							<Name current="False">
								<Calculation datatype="1" position="0">
									<Calculation>
										<Text><![CDATA[$ToolsWindowName]]></Text>
										<ChunkList hash="10B2CDE5E818FC4B6721684D0D096A30">
											<Chunk type="VariableReference">$ToolsWindowName</Chunk>
										</ChunkList>
									</Calculation>
								</Calculation>
							</Name>
						</Select>
					</WindowReference>
				</Parameter>
			</ParameterValues>
		</Step>
		<Step id="70" name="Ende (wenn)" enable="True">
		</Step>
		<Step id="89" name="# (Kommentar)" enable="True">
			<ParameterValues membercount="1">
				<Parameter type="Comment">
					<Comment></Comment>
				</Parameter>
			</ParameterValues>
		</Step>
	</ObjectList>
</Script>
