---
source: src/tests.rs
expression: output_content
---
<Script id="141" name="Get Microsoft Identity Provider Information">
	<UUID modifications="12" userName="Mike Duncan" accountName="Admin" timestamp="2021-07-08T13:59:32">E4470A51-AA99-44DF-9B8D-24182C89E519</UUID>
	<Options hidden="True" access="ReadWrite" SiriShortcutVisible="False" runwithfullaccess="False" compatibility="0">8</Options>
	<TagList></TagList>
</Script>
