---
source: src/tests.rs
expression: output_content
---
<Script id="167" name="Allow certificate with unknown revocation status">
	<UUID modifications="53" userName="Mike Duncan" accountName="Admin" timestamp="2022-12-09T10:22:53">7D3BBCB4-D34D-45AF-8B32-79757FBDB797</UUID>
	<Options hidden="True" access="ReadWrite" SiriShortcutVisible="False" runwithfullaccess="False" compatibility="0">8</Options>
</Script>
