---
source: src/tests.rs
expression: output_content
---
<Script id="42" name="Update Server Status">
	<UUID modifications="40" userName="Malte Bastian" accountName="Admin" timestamp="2024-02-18T17:38:30">651F61DF-E7B9-43C5-9C9D-6126F4767B03</UUID>
	<Options hidden="True" access="ReadWrite" SiriShortcutVisible="False" runwithfullaccess="False" compatibility="0">8</Options>
</Script>
