---
source: src/main.rs
expression: output_content
---
Eigenes Dialogfeld anzeigen ⚠️⚠️⚠️ FM-XML-EXPORT-EXPLODER: UNKNOWN SCRIPT-STEP [ ID: "87" ] ⚠️⚠️⚠️
