---
source: src/main.rs
expression: output_content
---
# These script steps were introduced in FileMaker 15
Tabelle leeren [ Mit Dialog: ON ; <Aktuelle Tabelle> ]
Tabelle leeren [ Mit Dialog: ON ; _Home ]
# Command 183 => see NEXT
