---
source: src/main.rs
expression: output_content
---
<Relationship id="26">
	<UUID modifications="1" userName="Mike Duncan" accountName="Admin" timestamp="2023-01-24T17:36:06">14E0A871-FF7F-4E3D-9C64-8EFE9D2E0A60</UUID>
	<LeftTable cascadeCreate="True" cascadeDelete="False" type="Local">
		<TableOccurrenceReference id="1065119" name="FMS_PUB__publickeys sync" UUID="F78D626A-BA10-4146-BE7B-2B210B92A4C4"></TableOccurrenceReference>
		<SortSpecification value="False" maintain="True"></SortSpecification>
	</LeftTable>
	<RightTable cascadeCreate="False" cascadeDelete="False" type="Local">
		<TableOccurrenceReference id="1065089" name="FMS__fmserver" UUID="597569C5-24CD-486D-84D6-D79B9D3BDD5B"></TableOccurrenceReference>
		<SortSpecification value="False" maintain="True"></SortSpecification>
	</RightTable>
	<JoinPredicateList membercount="1">
		<JoinPredicate type="Equal">
			<LeftField>
				<FieldReference id="8" name="name" UUID="E5455803-EA33-4A56-A70E-DB220055B231">
					<TableOccurrenceReference id="1065119" name="FMS_PUB__publickeys sync" UUID="F78D626A-BA10-4146-BE7B-2B210B92A4C4"></TableOccurrenceReference>
				</FieldReference>
			</LeftField>
			<RightField>
				<FieldReference id="166" name="zz_PublicKeyName_g" UUID="4EF3E74B-1546-4C83-B262-2C74079C8A27">
					<TableOccurrenceReference id="1065089" name="FMS__fmserver" UUID="597569C5-24CD-486D-84D6-D79B9D3BDD5B"></TableOccurrenceReference>
				</FieldReference>
			</RightField>
		</JoinPredicate>
	</JoinPredicateList>
	<TagList></TagList>
</Relationship>
