---
source: src/main.rs
expression: output_content
---
<Script>
	<ScriptReference id="148" name="Set LastMessageChoice( Nr )"></ScriptReference>
	<ObjectList membercount="11">
		<Step id="89" name="# (Kommentar)" enable="True">
			<ParameterValues membercount="1">
				<Parameter type="Comment">
					<Comment></Comment>
				</Parameter>
			</ParameterValues>
		</Step>
		<Step id="89" name="# (Kommentar)" enable="True">
			<Options>4</Options>
			<ParameterValues membercount="1">
				<Parameter type="Comment">
					<Comment value="20130924 MrW"></Comment>
				</Parameter>
			</ParameterValues>
		</Step>
		<Step id="89" name="# (Kommentar)" enable="True">
			<ParameterValues membercount="1">
				<Parameter type="Comment">
					<Comment></Comment>
				</Parameter>
			</ParameterValues>
		</Step>
		<Step id="85" name="AnwenderAbbruchZulassen setzen" enable="True">
			<Options>65536</Options>
			<ParameterValues membercount="1">
				<Parameter type="Boolean">
					<Boolean id="131072" value="False"></Boolean>
				</Parameter>
			</ParameterValues>
		</Step>
		<Step id="86" name="Fehleraufzeichnung setzen" enable="True">
			<Options>196608</Options>
			<ParameterValues membercount="1">
				<Parameter type="Boolean">
					<Boolean id="131072" value="True"></Boolean>
				</Parameter>
			</ParameterValues>
		</Step>
		<Step id="89" name="# (Kommentar)" enable="True">
			<ParameterValues membercount="1">
				<Parameter type="Comment">
					<Comment></Comment>
				</Parameter>
			</ParameterValues>
		</Step>
		<Step id="89" name="# (Kommentar)" enable="True">
			<Options>4</Options>
			<ParameterValues membercount="1">
				<Parameter type="Comment">
					<Comment value="Parameter"></Comment>
				</Parameter>
			</ParameterValues>
		</Step>
		<Step id="141" name="Variable setzen" enable="True">
			<Options>16388</Options>
			<ParameterValues membercount="1">
				<Parameter type="Variable">
					<value>
						<Calculation datatype="1" position="1">
							<Calculation>
								<Text><![CDATA[_SP( 1 )]]></Text>
								<ChunkList hash="0833C8A527A8E2C55E64700265CC2606">
									<Chunk type="CustomFunctionRef">_SP</Chunk>
									<Chunk type="NoRef">( 1 )</Chunk>
								</ChunkList>
							</Calculation>
						</Calculation>
					</value>
					<Name value="$Nr"></Name>
					<repetition></repetition>
				</Parameter>
			</ParameterValues>
		</Step>
		<Step id="89" name="# (Kommentar)" enable="True">
			<ParameterValues membercount="1">
				<Parameter type="Comment">
					<Comment></Comment>
				</Parameter>
			</ParameterValues>
		</Step>
		<Step id="141" name="Variable setzen" enable="True">
			<Options>16388</Options>
			<ParameterValues membercount="1">
				<Parameter type="Variable">
					<value>
						<Calculation datatype="1" position="1">
							<Calculation>
								<Text><![CDATA[$Nr]]></Text>
								<ChunkList hash="53D93C4D3455D9307C587F78123B7ED1">
									<Chunk type="VariableReference">$Nr</Chunk>
								</ChunkList>
							</Calculation>
						</Calculation>
					</value>
					<Name value="$$LastMessageChoice"></Name>
					<repetition></repetition>
				</Parameter>
			</ParameterValues>
		</Step>
		<Step id="89" name="# (Kommentar)" enable="True">
			<ParameterValues membercount="1">
				<Parameter type="Comment">
					<Comment></Comment>
				</Parameter>
			</ParameterValues>
		</Step>
	</ObjectList>
</Script>
